Archive member included to satisfy reference by file (symbol)

/home/ailson/gcc-arm-none-eabi-7-2018-q2-update/bin/../lib/gcc/arm-none-eabi/7.3.1/thumb/v6-m/libgcc.a(_udivsi3.o)
                              ./system/src/stm32f0-stdperiph/stm32f0xx_rcc.o (__aeabi_uidiv)
/home/ailson/gcc-arm-none-eabi-7-2018-q2-update/bin/../lib/gcc/arm-none-eabi/7.3.1/thumb/v6-m/libgcc.a(_dvmd_tls.o)
                              /home/ailson/gcc-arm-none-eabi-7-2018-q2-update/bin/../lib/gcc/arm-none-eabi/7.3.1/thumb/v6-m/libgcc.a(_udivsi3.o) (__aeabi_idiv0)
/home/ailson/gcc-arm-none-eabi-7-2018-q2-update/bin/../lib/gcc/arm-none-eabi/7.3.1/../../../../arm-none-eabi/lib/thumb/v6-m/libg_nano.a(lib_a-errno.o)
                              ./system/src/newlib/_sbrk.o (__errno)
/home/ailson/gcc-arm-none-eabi-7-2018-q2-update/bin/../lib/gcc/arm-none-eabi/7.3.1/../../../../arm-none-eabi/lib/thumb/v6-m/libg_nano.a(lib_a-impure.o)
                              /home/ailson/gcc-arm-none-eabi-7-2018-q2-update/bin/../lib/gcc/arm-none-eabi/7.3.1/../../../../arm-none-eabi/lib/thumb/v6-m/libg_nano.a(lib_a-errno.o) (_impure_ptr)
/home/ailson/gcc-arm-none-eabi-7-2018-q2-update/bin/../lib/gcc/arm-none-eabi/7.3.1/../../../../arm-none-eabi/lib/thumb/v6-m/libg_nano.a(lib_a-strlen.o)
                              ./system/src/diag/Trace.o (strlen)
/home/ailson/gcc-arm-none-eabi-7-2018-q2-update/bin/../lib/gcc/arm-none-eabi/7.3.1/../../../../arm-none-eabi/lib/thumb/v6-m/libg_nano.a(lib_a-vsnprintf.o)
                              ./system/src/diag/Trace.o (vsnprintf)
/home/ailson/gcc-arm-none-eabi-7-2018-q2-update/bin/../lib/gcc/arm-none-eabi/7.3.1/../../../../arm-none-eabi/lib/thumb/v6-m/libg_nano.a(lib_a-nano-svfprintf.o)
                              /home/ailson/gcc-arm-none-eabi-7-2018-q2-update/bin/../lib/gcc/arm-none-eabi/7.3.1/../../../../arm-none-eabi/lib/thumb/v6-m/libg_nano.a(lib_a-vsnprintf.o) (_svfprintf_r)
/home/ailson/gcc-arm-none-eabi-7-2018-q2-update/bin/../lib/gcc/arm-none-eabi/7.3.1/../../../../arm-none-eabi/lib/thumb/v6-m/libg_nano.a(lib_a-nano-vfprintf_i.o)
                              /home/ailson/gcc-arm-none-eabi-7-2018-q2-update/bin/../lib/gcc/arm-none-eabi/7.3.1/../../../../arm-none-eabi/lib/thumb/v6-m/libg_nano.a(lib_a-nano-svfprintf.o) (_printf_i)
/home/ailson/gcc-arm-none-eabi-7-2018-q2-update/bin/../lib/gcc/arm-none-eabi/7.3.1/../../../../arm-none-eabi/lib/thumb/v6-m/libg_nano.a(lib_a-memchr-stub.o)
                              /home/ailson/gcc-arm-none-eabi-7-2018-q2-update/bin/../lib/gcc/arm-none-eabi/7.3.1/../../../../arm-none-eabi/lib/thumb/v6-m/libg_nano.a(lib_a-nano-svfprintf.o) (memchr)
/home/ailson/gcc-arm-none-eabi-7-2018-q2-update/bin/../lib/gcc/arm-none-eabi/7.3.1/../../../../arm-none-eabi/lib/thumb/v6-m/libg_nano.a(lib_a-memcpy-stub.o)
                              /home/ailson/gcc-arm-none-eabi-7-2018-q2-update/bin/../lib/gcc/arm-none-eabi/7.3.1/../../../../arm-none-eabi/lib/thumb/v6-m/libg_nano.a(lib_a-nano-svfprintf.o) (memcpy)
/home/ailson/gcc-arm-none-eabi-7-2018-q2-update/bin/../lib/gcc/arm-none-eabi/7.3.1/../../../../arm-none-eabi/lib/thumb/v6-m/libg_nano.a(lib_a-memmove.o)
                              /home/ailson/gcc-arm-none-eabi-7-2018-q2-update/bin/../lib/gcc/arm-none-eabi/7.3.1/../../../../arm-none-eabi/lib/thumb/v6-m/libg_nano.a(lib_a-nano-svfprintf.o) (memmove)
/home/ailson/gcc-arm-none-eabi-7-2018-q2-update/bin/../lib/gcc/arm-none-eabi/7.3.1/../../../../arm-none-eabi/lib/thumb/v6-m/libg_nano.a(lib_a-nano-freer.o)
                              /home/ailson/gcc-arm-none-eabi-7-2018-q2-update/bin/../lib/gcc/arm-none-eabi/7.3.1/../../../../arm-none-eabi/lib/thumb/v6-m/libg_nano.a(lib_a-nano-svfprintf.o) (_free_r)
/home/ailson/gcc-arm-none-eabi-7-2018-q2-update/bin/../lib/gcc/arm-none-eabi/7.3.1/../../../../arm-none-eabi/lib/thumb/v6-m/libg_nano.a(lib_a-nano-mallocr.o)
                              /home/ailson/gcc-arm-none-eabi-7-2018-q2-update/bin/../lib/gcc/arm-none-eabi/7.3.1/../../../../arm-none-eabi/lib/thumb/v6-m/libg_nano.a(lib_a-nano-svfprintf.o) (_malloc_r)
/home/ailson/gcc-arm-none-eabi-7-2018-q2-update/bin/../lib/gcc/arm-none-eabi/7.3.1/../../../../arm-none-eabi/lib/thumb/v6-m/libg_nano.a(lib_a-nano-reallocr.o)
                              /home/ailson/gcc-arm-none-eabi-7-2018-q2-update/bin/../lib/gcc/arm-none-eabi/7.3.1/../../../../arm-none-eabi/lib/thumb/v6-m/libg_nano.a(lib_a-nano-svfprintf.o) (_realloc_r)
/home/ailson/gcc-arm-none-eabi-7-2018-q2-update/bin/../lib/gcc/arm-none-eabi/7.3.1/../../../../arm-none-eabi/lib/thumb/v6-m/libg_nano.a(lib_a-sbrkr.o)
                              /home/ailson/gcc-arm-none-eabi-7-2018-q2-update/bin/../lib/gcc/arm-none-eabi/7.3.1/../../../../arm-none-eabi/lib/thumb/v6-m/libg_nano.a(lib_a-nano-mallocr.o) (_sbrk_r)
/home/ailson/gcc-arm-none-eabi-7-2018-q2-update/bin/../lib/gcc/arm-none-eabi/7.3.1/../../../../arm-none-eabi/lib/thumb/v6-m/libg_nano.a(lib_a-mlock.o)
[...]
Memory Configuration

Name             Origin             Length             Attributes
RAM              0x0000000020000000 0x0000000000002000 xrw
CCMRAM           0x0000000000000000 0x0000000000000000 xrw
FLASH            0x0000000008000000 0x0000000000010000 xr
FLASHB1          0x0000000000000000 0x0000000000000000 xr
EXTMEMB0         0x0000000000000000 0x0000000000000000 xr
EXTMEMB1         0x0000000000000000 0x0000000000000000 xr
EXTMEMB2         0x0000000000000000 0x0000000000000000 xr
EXTMEMB3         0x0000000000000000 0x0000000000000000 xr
MEMORY_ARRAY     0x0000000000000000 0x0000000000000000 xrw
*default*        0x0000000000000000 0xffffffffffffffff

Linker script and memory map

LOAD ./system/src/stm32f0-stdperiph/stm32f0xx_gpio.o
LOAD ./system/src/stm32f0-stdperiph/stm32f0xx_rcc.o
LOAD ./system/src/newlib/_cxx.o
LOAD ./system/src/newlib/_exit.o
LOAD ./system/src/newlib/_sbrk.o
LOAD ./system/src/newlib/_startup.o
LOAD ./system/src/newlib/_syscalls.o
LOAD ./system/src/newlib/assert.o
LOAD ./system/src/diag/Trace.o
LOAD ./system/src/diag/trace_impl.o
LOAD ./system/src/cortexm/_initialize_hardware.o
LOAD ./system/src/cortexm/_reset_hardware.o
LOAD ./system/src/cortexm/exception_handlers.o
LOAD ./system/src/cmsis/system_stm32f0xx.o
LOAD ./system/src/cmsis/vectors_stm32f0xx.o
LOAD ./src/ReadBit.o
LOAD ./src/ReadBitSlice.o
LOAD ./src/ResetBit.o
LOAD ./src/SetBit.o
LOAD ./src/ToggleBit.o
LOAD ./src/_write.o
LOAD ./src/fatorial.o
LOAD ./src/fibonacci.o
LOAD ./src/isLittleEndian.o
LOAD ./src/main.o
LOAD ./src/soma.o
LOAD /home/ailson/gcc-arm-none-eabi-7-2018-q2-update/bin/../lib/gcc/arm-none-eabi/7.3.1/../../../../arm-none-eabi/lib/thumb/v6-m/libstdc++_nano.a
LOAD /home/ailson/gcc-arm-none-eabi-7-2018-q2-update/bin/../lib/gcc/arm-none-eabi/7.3.1/../../../../arm-none-eabi/lib/thumb/v6-m/libm.a
START GROUP
LOAD /home/ailson/gcc-arm-none-eabi-7-2018-q2-update/bin/../lib/gcc/arm-none-eabi/7.3.1/thumb/v6-m/libgcc.a
LOAD /home/ailson/gcc-arm-none-eabi-7-2018-q2-update/bin/../lib/gcc/arm-none-eabi/7.3.1/../../../../arm-none-eabi/lib/thumb/v6-m/libg_nano.a
LOAD /home/ailson/gcc-arm-none-eabi-7-2018-q2-update/bin/../lib/gcc/arm-none-eabi/7.3.1/../../../../arm-none-eabi/lib/thumb/v6-m/libc_nano.a
END GROUP
START GROUP
LOAD /home/ailson/gcc-arm-none-eabi-7-2018-q2-update/bin/../lib/gcc/arm-none-eabi/7.3.1/thumb/v6-m/libgcc.a
LOAD /home/ailson/gcc-arm-none-eabi-7-2018-q2-update/bin/../lib/gcc/arm-none-eabi/7.3.1/../../../../arm-none-eabi/lib/thumb/v6-m/libc_nano.a
END GROUP
                0x0000000020002000                __stack = (ORIGIN (RAM) + LENGTH (RAM))
                0x0000000020002000                _estack = __stack
                0x0000000000000400                __Main_Stack_Size = 0x400
                [!provide]                        PROVIDE (_Main_Stack_Size = __Main_Stack_Size)
                0x0000000020001c00                __Main_Stack_Limit = (__stack - __Main_Stack_Size)
                [!provide]                        PROVIDE (_Main_Stack_Limit = __Main_Stack_Limit)
                0x0000000000000100                _Minimum_Stack_Size = 0x100
                0x0000000020000124                PROVIDE (_Heap_Begin = _end_noinit)
                0x0000000020001c00                PROVIDE (_Heap_Limit = (__stack - __Main_Stack_Size))

.isr_vector     0x0000000008000000      0x230
 FILL mask 0xff
                0x0000000008000000                __vectors_start = ABSOLUTE (.)
                0x0000000008000000                __vectors_start__ = ABSOLUTE (.)
 *(.isr_vector)
 .isr_vector    0x0000000008000000       0xc4 ./system/src/cmsis/vectors_stm32f0xx.o
                0x0000000008000000                g_pfnVectors
 *(.cfmconfig)
 *(.after_vectors .after_vectors.*)
 .after_vectors
                0x00000000080000c4      0x118 ./system/src/newlib/_startup.o
                0x00000000080000c4                _start
 .after_vectors
                0x00000000080001dc       0x50 ./system/src/cortexm/exception_handlers.o
                0x00000000080001dc                Reset_Handler
                0x00000000080001e2                NMI_Handler
                0x00000000080001e6                HardFault_Handler
                0x00000000080001fe                HardFault_Handler_C
                0x000000000800021c                SVC_Handler
                0x0000000008000220                PendSV_Handler
                0x0000000008000224                SysTick_Handler
 .after_vectors
                0x000000000800022c        0x4 ./system/src/cmsis/vectors_stm32f0xx.o
                0x000000000800022c                TIM1_CC_IRQHandler
                0x000000000800022c                TSC_IRQHandler
                0x000000000800022c                ADC1_COMP_IRQHandler
                0x000000000800022c                TIM6_IRQHandler
                0x000000000800022c                PVD_IRQHandler
                0x000000000800022c                I2C1_IRQHandler
                0x000000000800022c                RCC_CRS_IRQHandler
                0x000000000800022c                SPI1_IRQHandler
                0x000000000800022c                TIM6_DAC_IRQHandler
                0x000000000800022c                USART3_4_IRQHandler
                0x000000000800022c                EXTI2_3_IRQHandler
                0x000000000800022c                ADC1_IRQHandler
                0x000000000800022c                I2C2_IRQHandler
                0x000000000800022c                USART3_6_IRQHandler
                0x000000000800022c                TIM17_IRQHandler
                0x000000000800022c                CEC_CAN_IRQHandler
                0x000000000800022c                RTC_IRQHandler
                0x000000000800022c                PVD_VDDIO2_IRQHandler
                0x000000000800022c                DMA1_Channel4_5_6_7_IRQHandler
                0x000000000800022c                TIM16_IRQHandler
                0x000000000800022c                TIM3_IRQHandler
                0x000000000800022c                RCC_IRQHandler
                0x000000000800022c                EXTI4_15_IRQHandler
                0x000000000800022c                USART3_8_IRQHandler
                0x000000000800022c                DMA1_Channel1_IRQHandler
                0x000000000800022c                Default_Handler
                0x000000000800022c                CEC_IRQHandler
                0x000000000800022c                TIM14_IRQHandler
                0x000000000800022c                DMA1_Channel4_5_IRQHandler
                0x000000000800022c                TIM7_IRQHandler
                0x000000000800022c                TIM15_IRQHandler
                0x000000000800022c                EXTI0_1_IRQHandler
                0x000000000800022c                USB_IRQHandler
                0x000000000800022c                SPI2_IRQHandler
                0x000000000800022c                DMA1_Ch2_3_DMA2_Ch1_2_IRQHandler
                0x000000000800022c                DMA1_Ch4_7_DMA2_Ch3_5_IRQHandler
                0x000000000800022c                TS_IRQHandler
                0x000000000800022c                WWDG_IRQHandler
                0x000000000800022c                TIM2_IRQHandler
                0x000000000800022c                DMA1_Channel2_3_IRQHandler
                0x000000000800022c                USART2_IRQHandler
                0x000000000800022c                VDDIO2_IRQHandler
                0x000000000800022c                FLASH_IRQHandler
                0x000000000800022c                USART1_IRQHandler
                0x000000000800022c                TIM1_BRK_UP_TRG_COM_IRQHandler

.inits          0x0000000008000230       0x28
                0x0000000008000230                __data_regions_array_start = .
                0x0000000008000230        0x4 LONG 0x800125c LOADADDR (.data)
                0x0000000008000234        0x4 LONG 0x20000000 ADDR (.data)
                0x0000000008000238        0x4 LONG 0x20000088 (ADDR (.data) + SIZEOF (.data))
                0x000000000800023c        0x4 LONG 0x800125c LOADADDR (.data_CCMRAM)
                0x0000000008000240        0x4 LONG 0x0 ADDR (.data_CCMRAM)
                0x0000000008000244        0x4 LONG 0x0 (ADDR (.data_CCMRAM) + SIZEOF (.data_CCMRAM))
                0x0000000008000248                __data_regions_array_end = .
                0x0000000008000248                __bss_regions_array_start = .
                0x0000000008000248        0x4 LONG 0x20000088 ADDR (.bss)
                0x000000000800024c        0x4 LONG 0x20000124 (ADDR (.bss) + SIZEOF (.bss))
                0x0000000008000250        0x4 LONG 0x0 ADDR (.bss_CCMRAM)
                0x0000000008000254        0x4 LONG 0x0 (ADDR (.bss_CCMRAM) + SIZEOF (.bss_CCMRAM))
                0x0000000008000258                __bss_regions_array_end = .
 *(.init)
 *(.fini)
                0x0000000008000258                . = ALIGN (0x4)
                0x0000000008000258                PROVIDE (__preinit_array_start = .)
 *(.preinit_array_sysinit .preinit_array_sysinit.*)
 *(.preinit_array_platform .preinit_array_platform.*)
 *(.preinit_array .preinit_array.*)
                0x0000000008000258                PROVIDE (__preinit_array_end = .)
                0x0000000008000258                . = ALIGN (0x4)
                0x0000000008000258                PROVIDE (__init_array_start = .)
 *(SORT_BY_NAME(.init_array.*))
 *(.init_array)
                0x0000000008000258                PROVIDE (__init_array_end = .)
                0x0000000008000258                . = ALIGN (0x4)
                0x0000000008000258                PROVIDE (__fini_array_start = .)
 *(SORT_BY_NAME(.fini_array.*))
 *(.fini_array)
                0x0000000008000258                PROVIDE (__fini_array_end = .)

.flashtext
 *(.flashtext .flashtext.*)

.text           0x0000000008000258     0x1003
 *(.text .text.*)
 .text._exit    0x0000000008000258        0x2 ./system/src/newlib/_exit.o
                0x0000000008000258                _exit
 *fill*         0x000000000800025a        0x2 
 .text._sbrk    0x000000000800025c       0x48 ./system/src/newlib/_sbrk.o
                0x000000000800025c                _sbrk
 .text.__initialize_args
                0x00000000080002a4       0x10 ./system/src/newlib/_syscalls.o
                0x00000000080002a4                __initialize_args
 .text.trace_printf
                0x00000000080002b4       0x2c ./system/src/diag/Trace.o
                0x00000000080002b4                trace_printf
 .text._trace_write_semihosting_debug
                0x00000000080002e0       0x60 ./system/src/diag/trace_impl.o
 .text.trace_write
                0x0000000008000340        0x8 ./system/src/diag/trace_impl.o
                0x0000000008000340                trace_write
 .text.__initialize_hardware_early
                0x0000000008000348        0x8 ./system/src/cortexm/_initialize_hardware.o
                0x0000000008000348                __initialize_hardware_early
 .text.__initialize_hardware
                0x0000000008000350        0x8 ./system/src/cortexm/_initialize_hardware.o
                0x0000000008000350                __initialize_hardware
 .text.dumpExceptionStack
                0x0000000008000358       0x88 ./system/src/cortexm/exception_handlers.o
                0x0000000008000358                dumpExceptionStack
 .text.SetSysClock
                0x00000000080003e0       0xb4 ./system/src/cmsis/system_stm32f0xx.o
 .text.SystemInit
                0x0000000008000494       0x64 ./system/src/cmsis/system_stm32f0xx.o
                0x0000000008000494                SystemInit
 .text.SystemCoreClockUpdate
                0x00000000080004f8       0x98 ./system/src/cmsis/system_stm32f0xx.o
                0x00000000080004f8                SystemCoreClockUpdate
 .text          0x0000000008000590       0x16 ./src/ReadBit.o
                0x0000000008000590                ReadBit
 .text          0x00000000080005a6       0x1c ./src/ReadBitSlice.o
                0x00000000080005a6                ReadBitSlice
 .text          0x00000000080005c2        0xe ./src/ResetBit.o
                0x00000000080005c2                ResetBit
 .text          0x00000000080005d0        0xe ./src/SetBit.o
                0x00000000080005d0                SetBit
 .text          0x00000000080005de        0xe ./src/ToggleBit.o
                0x00000000080005de                ToggleBit
 .text          0x00000000080005ec       0x14 ./src/fatorial.o
                0x00000000080005ec                fatorial
 .text          0x0000000008000600       0x2a ./src/fibonacci.o
                0x0000000008000600                fibonacci
 .text          0x000000000800062a       0x1c ./src/isLittleEndian.o
                0x000000000800062a                isLittleEndian
 *fill*         0x0000000008000646        0x2 
 .text.main     0x0000000008000648      0x104 ./src/main.o
                0x0000000008000648                main
 .text          0x000000000800074c       0x18 ./src/soma.o
                0x000000000800074c                soma
 .text          0x0000000008000764      0x114 /home/ailson/gcc-arm-none-eabi-7-2018-q2-update/bin/../lib/gcc/arm-none-eabi/7.3.1/thumb/v6-m/libgcc.a(_udivsi3.o)
                0x0000000008000764                __udivsi3
                0x0000000008000764                __aeabi_uidiv
                0x0000000008000870                __aeabi_uidivmod
 .text          0x0000000008000878        0x4 /home/ailson/gcc-arm-none-eabi-7-2018-q2-update/bin/../lib/gcc/arm-none-eabi/7.3.1/thumb/v6-m/libgcc.a(_dvmd_tls.o)
                0x0000000008000878                __aeabi_ldiv0
                0x0000000008000878                __aeabi_idiv0
 .text.__errno  0x000000000800087c        0xc /home/ailson/gcc-arm-none-eabi-7-2018-q2-update/bin/../lib/gcc/arm-none-eabi/7.3.1/../../../../arm-none-eabi/lib/thumb/v6-m/libg_nano.a(lib_a-errno.o)
                0x000000000800087c                __errno
 .text._vsnprintf_r
                0x0000000008000888       0x56 /home/ailson/gcc-arm-none-eabi-7-2018-q2-update/bin/../lib/gcc/arm-none-eabi/7.3.1/../../../../arm-none-eabi/lib/thumb/v6-m/libg_nano.a(lib_a-vsnprintf.o)
                0x0000000008000888                _vsnprintf_r
                0x0000000008000888                _vsniprintf_r
 *fill*         0x00000000080008de        0x2 
 .text.vsnprintf
                0x00000000080008e0       0x18 /home/ailson/gcc-arm-none-eabi-7-2018-q2-update/bin/../lib/gcc/arm-none-eabi/7.3.1/../../../../arm-none-eabi/lib/thumb/v6-m/libg_nano.a(lib_a-vsnprintf.o)
                0x00000000080008e0                vsnprintf
                0x00000000080008e0                vsniprintf
 .text.__ssputs_r
                0x00000000080008f8       0xc4 /home/ailson/gcc-arm-none-eabi-7-2018-q2-update/bin/../lib/gcc/arm-none-eabi/7.3.1/../../../../arm-none-eabi/lib/thumb/v6-m/libg_nano.a(lib_a-nano-svfprintf.o)
                0x00000000080008f8                __ssputs_r
 .text._svfprintf_r
                0x00000000080009bc      0x1fc /home/ailson/gcc-arm-none-eabi-7-2018-q2-update/bin/../lib/gcc/arm-none-eabi/7.3.1/../../../../arm-none-eabi/lib/thumb/v6-m/libg_nano.a(lib_a-nano-svfprintf.o)
                0x00000000080009bc                _svfprintf_r
                0x00000000080009bc                _svfiprintf_r
 .text._printf_common
                0x0000000008000bb8       0xda /home/ailson/gcc-arm-none-eabi-7-2018-q2-update/bin/../lib/gcc/arm-none-eabi/7.3.1/../../../../arm-none-eabi/lib/thumb/v6-m/libg_nano.a(lib_a-nano-vfprintf_i.o)
                0x0000000008000bb8                _printf_common
 *fill*         0x0000000008000c92        0x2 
 .text._printf_i
                0x0000000008000c94      0x210 /home/ailson/gcc-arm-none-eabi-7-2018-q2-update/bin/../lib/gcc/arm-none-eabi/7.3.1/../../../../arm-none-eabi/lib/thumb/v6-m/libg_nano.a(lib_a-nano-vfprintf_i.o)
                0x0000000008000c94                _printf_i
 .text.memchr   0x0000000008000ea4       0x16 /home/ailson/gcc-arm-none-eabi-7-2018-q2-update/bin/../lib/gcc/arm-none-eabi/7.3.1/../../../../arm-none-eabi/lib/thumb/v6-m/libg_nano.a(lib_a-memchr-stub.o)
                0x0000000008000ea4                memchr
 .text.memcpy   0x0000000008000eba       0x12 /home/ailson/gcc-arm-none-eabi-7-2018-q2-update/bin/../lib/gcc/arm-none-eabi/7.3.1/../../../../arm-none-eabi/lib/thumb/v6-m/libg_nano.a(lib_a-memcpy-stub.o)
                0x0000000008000eba                memcpy
 .text.memmove  0x0000000008000ecc       0x26 /home/ailson/gcc-arm-none-eabi-7-2018-q2-update/bin/../lib/gcc/arm-none-eabi/7.3.1/../../../../arm-none-eabi/lib/thumb/v6-m/libg_nano.a(lib_a-memmove.o)
                0x0000000008000ecc                memmove
 *fill*         0x0000000008000ef2        0x2 
 .text._free_r  0x0000000008000ef4       0x94 /home/ailson/gcc-arm-none-eabi-7-2018-q2-update/bin/../lib/gcc/arm-none-eabi/7.3.1/../../../../arm-none-eabi/lib/thumb/v6-m/libg_nano.a(lib_a-nano-freer.o)
                0x0000000008000ef4                _free_r
 .text._malloc_r
                0x0000000008000f88       0xbc /home/ailson/gcc-arm-none-eabi-7-2018-q2-update/bin/../lib/gcc/arm-none-eabi/7.3.1/../../../../arm-none-eabi/lib/thumb/v6-m/libg_nano.a(lib_a-nano-mallocr.o)
                0x0000000008000f88                _malloc_r
 .text._realloc_r
                0x0000000008001044       0x4c /home/ailson/gcc-arm-none-eabi-7-2018-q2-update/bin/../lib/gcc/arm-none-eabi/7.3.1/../../../../arm-none-eabi/lib/thumb/v6-m/libg_nano.a(lib_a-nano-reallocr.o)
                0x0000000008001044                _realloc_r
 .text._sbrk_r  0x0000000008001090       0x24 /home/ailson/gcc-arm-none-eabi-7-2018-q2-update/bin/../lib/gcc/arm-none-eabi/7.3.1/../../../../arm-none-eabi/lib/thumb/v6-m/libg_nano.a(lib_a-sbrkr.o)
                0x0000000008001090                _sbrk_r
 .text.__malloc_lock
                0x00000000080010b4        0x2 /home/ailson/gcc-arm-none-eabi-7-2018-q2-update/bin/../lib/gcc/arm-none-eabi/7.3.1/../../../../arm-none-eabi/lib/thumb/v6-m/libg_nano.a(lib_a-mlock.o)
                0x00000000080010b4                __malloc_lock
 .text.__malloc_unlock
                0x00000000080010b6        0x2 /home/ailson/gcc-arm-none-eabi-7-2018-q2-update/bin/../lib/gcc/arm-none-eabi/7.3.1/../../../../arm-none-eabi/lib/thumb/v6-m/libg_nano.a(lib_a-mlock.o)
                0x00000000080010b6                __malloc_unlock
 .text._malloc_usable_size_r
                0x00000000080010b8       0x10 /home/ailson/gcc-arm-none-eabi-7-2018-q2-update/bin/../lib/gcc/arm-none-eabi/7.3.1/../../../../arm-none-eabi/lib/thumb/v6-m/libg_nano.a(lib_a-nano-msizer.o)
                0x00000000080010b8                _malloc_usable_size_r
 *(.rodata .rodata.* .constdata .constdata.*)
 .rodata.dumpExceptionStack.str1.4
                0x00000000080010c8       0xae ./system/src/cortexm/exception_handlers.o
 *fill*         0x0000000008001176        0x2 
 .rodata.str1.4
                0x0000000008001178        0xd ./system/src/cortexm/exception_handlers.o
 *fill*         0x0000000008001185        0x3 
 .rodata        0x0000000008001188       0x20 ./src/main.o
 .rodata.main.str1.4
                0x00000000080011a8       0x80 ./src/main.o
                                         0x7f (size before relaxing)
 .rodata._svfprintf_r.str1.1
                0x0000000008001228       0x11 /home/ailson/gcc-arm-none-eabi-7-2018-q2-update/bin/../lib/gcc/arm-none-eabi/7.3.1/../../../../arm-none-eabi/lib/thumb/v6-m/libg_nano.a(lib_a-nano-svfprintf.o)
 .rodata._printf_i.str1.1
                0x0000000008001239       0x22 /home/ailson/gcc-arm-none-eabi-7-2018-q2-update/bin/../lib/gcc/arm-none-eabi/7.3.1/../../../../arm-none-eabi/lib/thumb/v6-m/libg_nano.a(lib_a-nano-vfprintf_i.o)
 *(vtable)
 *(.eh_frame*)
 *(.glue_7)
 .glue_7        0x000000000800125b        0x0 linker stubs
 *(.glue_7t)
 .glue_7t       0x000000000800125b        0x0 linker stubs

.vfp11_veneer   0x000000000800125c        0x0
 .vfp11_veneer  0x000000000800125c        0x0 linker stubs

.v4_bx          0x000000000800125c        0x0
 .v4_bx         0x000000000800125c        0x0 linker stubs

.iplt           0x000000000800125c        0x0
 .iplt          0x000000000800125c        0x0 ./system/src/newlib/_exit.o

.rel.dyn        0x000000000800125c        0x0
 .rel.iplt      0x000000000800125c        0x0 ./system/src/newlib/_exit.o

.ARM.extab
 *(.ARM.extab* .gnu.linkonce.armextab.*)
                0x000000000800125c                . = ALIGN (0x4)
                0x000000000800125c                __exidx_start = .

.ARM.exidx
 *(.ARM.exidx* .gnu.linkonce.armexidx.*)
                0x000000000800125c                __exidx_end = .
                0x000000000800125c                . = ALIGN (0x4)
                0x000000000800125c                _etext = .
                0x000000000800125c                __etext = .

.data_CCMRAM    0x0000000000000000        0x0 load address 0x000000000800125c
 FILL mask 0xff
 *(.data.CCMRAM .data.CCMRAM.*)
                0x0000000000000000                . = ALIGN (0x4)
                0x000000000800125c                _sidata = LOADADDR (.data)

.data           0x0000000020000000       0x88 load address 0x000000000800125c
 FILL mask 0xff
                0x0000000020000000                _sdata = .
                0x0000000020000000                __data_start__ = .
 *(.data_begin .data_begin.*)
 .data_begin    0x0000000020000000        0x4 ./system/src/newlib/_startup.o
 *(.data .data.*)
 .data.argv.4310
                0x0000000020000004        0x8 ./system/src/newlib/_syscalls.o
 .data.AHBPrescTable
                0x000000002000000c       0x10 ./system/src/cmsis/system_stm32f0xx.o
                0x000000002000000c                AHBPrescTable
 .data.SystemCoreClock
                0x000000002000001c        0x4 ./system/src/cmsis/system_stm32f0xx.o
                0x000000002000001c                SystemCoreClock
 .data._impure_ptr
                0x0000000020000020        0x4 /home/ailson/gcc-arm-none-eabi-7-2018-q2-update/bin/../lib/gcc/arm-none-eabi/7.3.1/../../../../arm-none-eabi/lib/thumb/v6-m/libg_nano.a(lib_a-impure.o)
                0x0000000020000020                _impure_ptr
 .data.impure_data
                0x0000000020000024       0x60 /home/ailson/gcc-arm-none-eabi-7-2018-q2-update/bin/../lib/gcc/arm-none-eabi/7.3.1/../../../../arm-none-eabi/lib/thumb/v6-m/libg_nano.a(lib_a-impure.o)
 *(.data_end .data_end.*)
 .data_end      0x0000000020000084        0x4 ./system/src/newlib/_startup.o
                0x0000000020000088                . = ALIGN (0x4)
                0x0000000020000088                _edata = .
                0x0000000020000088                __data_end__ = .

.igot.plt       0x0000000020000088        0x0 load address 0x00000000080012e4
 .igot.plt      0x0000000020000088        0x0 ./system/src/newlib/_exit.o

.bss_CCMRAM     0x0000000000000000        0x0
 *(.bss.CCMRAM .bss.CCMRAM.*)

.bss            0x0000000020000088       0x9c
                0x0000000020000088                __bss_start__ = .
                0x0000000020000088                _sbss = .
 *(.bss_begin .bss_begin.*)
 .bss_begin     0x0000000020000088        0x4 ./system/src/newlib/_startup.o
 *(.bss .bss.*)
 .bss.current_heap_end.3961
                0x000000002000008c        0x4 ./system/src/newlib/_sbrk.o
 .bss.name.4309
                0x0000000020000090        0x1 ./system/src/newlib/_syscalls.o
 *fill*         0x0000000020000091        0x3 
 .bss.buf.5205  0x0000000020000094       0x80 ./system/src/diag/Trace.o
 .bss.__malloc_free_list
                0x0000000020000114        0x4 /home/ailson/gcc-arm-none-eabi-7-2018-q2-update/bin/../lib/gcc/arm-none-eabi/7.3.1/../../../../arm-none-eabi/lib/thumb/v6-m/libg_nano.a(lib_a-nano-mallocr.o)
                0x0000000020000114                __malloc_free_list
 .bss.__malloc_sbrk_start
                0x0000000020000118        0x4 /home/ailson/gcc-arm-none-eabi-7-2018-q2-update/bin/../lib/gcc/arm-none-eabi/7.3.1/../../../../arm-none-eabi/lib/thumb/v6-m/libg_nano.a(lib_a-nano-mallocr.o)
                0x0000000020000118                __malloc_sbrk_start
 *(COMMON)
 COMMON         0x000000002000011c        0x4 ./system/src/newlib/_syscalls.o
                0x000000002000011c                errno
 *(.bss_end .bss_end.*)
 .bss_end       0x0000000020000120        0x4 ./system/src/newlib/_startup.o
                0x0000000020000124                . = ALIGN (0x4)
                0x0000000020000124                __bss_end__ = .
                0x0000000020000124                _ebss = .

.noinit_CCMRAM
 *(.noinit.CCMRAM .noinit.CCMRAM.*)

.noinit         0x0000000020000124        0x0
                0x0000000020000124                _noinit = .
 *(.noinit .noinit.*)
                0x0000000020000124                . = ALIGN (0x4)
                0x0000000020000124                _end_noinit = .
                [!provide]                        PROVIDE (end = _end_noinit)
                [!provide]                        PROVIDE (_end = _end_noinit)
                [!provide]                        PROVIDE (__end = _end_noinit)
                [!provide]                        PROVIDE (__end__ = _end_noinit)

._check_stack   0x0000000020000124      0x100
                0x0000000020000224                . = (. + _Minimum_Stack_Size)
 *fill*         0x0000000020000124      0x100 

.b1text
 *(.b1text)
 *(.b1rodata)
 *(.b1rodata.*)

.eb0text
 *(.eb0text)
 *(.eb0rodata)
 *(.eb0rodata.*)

.eb1text
 *(.eb1text)
 *(.eb1rodata)
 *(.eb1rodata.*)

.eb2text
 *(.eb2text)
 *(.eb2rodata)
 *(.eb2rodata.*)

.eb3text
 *(.eb3text)
 *(.eb3rodata)
 *(.eb3rodata.*)

.stab
 *(.stab)

.stabstr
 *(.stabstr)

.stab.excl
 *(.stab.excl)

.stab.exclstr
 *(.stab.exclstr)

.stab.index
 *(.stab.index)

.stab.indexstr
 *(.stab.indexstr)

.comment        0x0000000000000000       0x7f
 *(.comment)
 .comment       0x0000000000000000       0x7f ./system/src/newlib/_exit.o
                                         0x80 (size before relaxing)
 .comment       0x000000000000007f       0x80 ./system/src/newlib/_sbrk.o
 .comment       0x000000000000007f       0x80 ./system/src/newlib/_startup.o
 .comment       0x000000000000007f       0x80 ./system/src/newlib/_syscalls.o
 .comment       0x000000000000007f       0x80 ./system/src/diag/Trace.o
 .comment       0x000000000000007f       0x80 ./system/src/diag/trace_impl.o
 .comment       0x000000000000007f       0x80 ./system/src/cortexm/_initialize_hardware.o
 .comment       0x000000000000007f       0x80 ./system/src/cortexm/exception_handlers.o
 .comment       0x000000000000007f       0x80 ./system/src/cmsis/system_stm32f0xx.o
 .comment       0x000000000000007f       0x80 ./system/src/cmsis/vectors_stm32f0xx.o
 .comment       0x000000000000007f       0x80 ./src/main.o

.ARM.attributes
                0x0000000000000000       0x2f
 .ARM.attributes
                0x0000000000000000       0x31 ./system/src/newlib/_exit.o
 .ARM.attributes
                0x0000000000000031       0x31 ./system/src/newlib/_sbrk.o
 .ARM.attributes
                0x0000000000000062       0x31 ./system/src/newlib/_startup.o
 .ARM.attributes
                0x0000000000000093       0x31 ./system/src/newlib/_syscalls.o
 .ARM.attributes
                0x00000000000000c4       0x31 ./system/src/diag/Trace.o
 .ARM.attributes
                0x00000000000000f5       0x31 ./system/src/diag/trace_impl.o
 .ARM.attributes
                0x0000000000000126       0x31 ./system/src/cortexm/_initialize_hardware.o
 .ARM.attributes
                0x0000000000000157       0x31 ./system/src/cortexm/exception_handlers.o
 .ARM.attributes
                0x0000000000000188       0x31 ./system/src/cmsis/system_stm32f0xx.o
 .ARM.attributes
                0x00000000000001b9       0x31 ./system/src/cmsis/vectors_stm32f0xx.o
 .ARM.attributes
                0x00000000000001ea       0x21 ./src/ReadBit.o
 .ARM.attributes
                0x000000000000020b       0x21 ./src/ReadBitSlice.o
 .ARM.attributes
                0x000000000000022c       0x21 ./src/ResetBit.o
 .ARM.attributes
                0x000000000000024d       0x21 ./src/SetBit.o
 .ARM.attributes
                0x000000000000026e       0x21 ./src/ToggleBit.o
 .ARM.attributes
                0x000000000000028f       0x21 ./src/fatorial.o
 .ARM.attributes
                0x00000000000002b0       0x21 ./src/fibonacci.o
 .ARM.attributes
                0x00000000000002d1       0x21 ./src/isLittleEndian.o
 .ARM.attributes
                0x00000000000002f2       0x31 ./src/main.o
 .ARM.attributes
                0x0000000000000323       0x21 ./src/soma.o
 .ARM.attributes
                0x0000000000000344       0x1e /home/ailson/gcc-arm-none-eabi-7-2018-q2-update/bin/../lib/gcc/arm-none-eabi/7.3.1/thumb/v6-m/libgcc.a(_udivsi3.o)
 .ARM.attributes
                0x0000000000000362       0x1e /home/ailson/gcc-arm-none-eabi-7-2018-q2-update/bin/../lib/gcc/arm-none-eabi/7.3.1/thumb/v6-m/libgcc.a(_dvmd_tls.o)
 .ARM.attributes
                0x0000000000000380       0x2c /home/ailson/gcc-arm-none-eabi-7-2018-q2-update/bin/../lib/gcc/arm-none-eabi/7.3.1/../../../../arm-none-eabi/lib/thumb/v6-m/libg_nano.a(lib_a-errno.o)
 .ARM.attributes
                0x00000000000003ac       0x2c /home/ailson/gcc-arm-none-eabi-7-2018-q2-update/bin/../lib/gcc/arm-none-eabi/7.3.1/../../../../arm-none-eabi/lib/thumb/v6-m/libg_nano.a(lib_a-impure.o)
 .ARM.attributes
                0x00000000000003d8       0x2c /home/ailson/gcc-arm-none-eabi-7-2018-q2-update/bin/../lib/gcc/arm-none-eabi/7.3.1/../../../../arm-none-eabi/lib/thumb/v6-m/libg_nano.a(lib_a-vsnprintf.o)
 .ARM.attributes
                0x0000000000000404       0x2c /home/ailson/gcc-arm-none-eabi-7-2018-q2-update/bin/../lib/gcc/arm-none-eabi/7.3.1/../../../../arm-none-eabi/lib/thumb/v6-m/libg_nano.a(lib_a-nano-svfprintf.o)
 .ARM.attributes
                0x0000000000000430       0x2c /home/ailson/gcc-arm-none-eabi-7-2018-q2-update/bin/../lib/gcc/arm-none-eabi/7.3.1/../../../../arm-none-eabi/lib/thumb/v6-m/libg_nano.a(lib_a-nano-vfprintf_i.o)
 .ARM.attributes
                0x000000000000045c       0x2c /home/ailson/gcc-arm-none-eabi-7-2018-q2-update/bin/../lib/gcc/arm-none-eabi/7.3.1/../../../../arm-none-eabi/lib/thumb/v6-m/libg_nano.a(lib_a-memchr-stub.o)
 .ARM.attributes
                0x0000000000000488       0x2c /home/ailson/gcc-arm-none-eabi-7-2018-q2-update/bin/../lib/gcc/arm-none-eabi/7.3.1/../../../../arm-none-eabi/lib/thumb/v6-m/libg_nano.a(lib_a-memcpy-stub.o)
 .ARM.attributes
                0x00000000000004b4       0x2c /home/ailson/gcc-arm-none-eabi-7-2018-q2-update/bin/../lib/gcc/arm-none-eabi/7.3.1/../../../../arm-none-eabi/lib/thumb/v6-m/libg_nano.a(lib_a-memmove.o)
 .ARM.attributes
                0x00000000000004e0       0x2c /home/ailson/gcc-arm-none-eabi-7-2018-q2-update/bin/../lib/gcc/arm-none-eabi/7.3.1/../../../../arm-none-eabi/lib/thumb/v6-m/libg_nano.a(lib_a-nano-freer.o)
 .ARM.attributes
                0x000000000000050c       0x2c /home/ailson/gcc-arm-none-eabi-7-2018-q2-update/bin/../lib/gcc/arm-none-eabi/7.3.1/../../../../arm-none-eabi/lib/thumb/v6-m/libg_nano.a(lib_a-nano-mallocr.o)
 .ARM.attributes
                0x0000000000000538       0x2c /home/ailson/gcc-arm-none-eabi-7-2018-q2-update/bin/../lib/gcc/arm-none-eabi/7.3.1/../../../../arm-none-eabi/lib/thumb/v6-m/libg_nano.a(lib_a-nano-reallocr.o)
 .ARM.attributes
                0x0000000000000564       0x2c /home/ailson/gcc-arm-none-eabi-7-2018-q2-update/bin/../lib/gcc/arm-none-eabi/7.3.1/../../../../arm-none-eabi/lib/thumb/v6-m/libg_nano.a(lib_a-sbrkr.o)
 .ARM.attributes
                0x0000000000000590       0x2c /home/ailson/gcc-arm-none-eabi-7-2018-q2-update/bin/../lib/gcc/arm-none-eabi/7.3.1/../../../../arm-none-eabi/lib/thumb/v6-m/libg_nano.a(lib_a-mlock.o)
 .ARM.attributes
                0x00000000000005bc       0x2c /home/ailson/gcc-arm-none-eabi-7-2018-q2-update/bin/../lib/gcc/arm-none-eabi/7.3.1/../../../../arm-none-eabi/lib/thumb/v6-m/libg_nano.a(lib_a-nano-msizer.o)

.debug
 *(.debug)

.line
 *(.line)

.debug_srcinfo
 *(.debug_srcinfo)

.debug_sfnames
 *(.debug_sfnames)

.debug_aranges  0x0000000000000000      0x330
 *(.debug_aranges)
 .debug_aranges
                0x0000000000000000       0x28 ./system/src/newlib/_exit.o
 .debug_aranges
                0x0000000000000028       0x20 ./system/src/newlib/_sbrk.o
 .debug_aranges
                0x0000000000000048       0x40 ./system/src/newlib/_startup.o
 .debug_aranges
                0x0000000000000088       0x30 ./system/src/newlib/_syscalls.o
 .debug_aranges
                0x00000000000000b8       0x38 ./system/src/diag/Trace.o
 .debug_aranges
                0x00000000000000f0       0x30 ./system/src/diag/trace_impl.o
 .debug_aranges
                0x0000000000000120       0x28 ./system/src/cortexm/_initialize_hardware.o
 .debug_aranges
                0x0000000000000148       0x58 ./system/src/cortexm/exception_handlers.o
 .debug_aranges
                0x00000000000001a0       0x30 ./system/src/cmsis/system_stm32f0xx.o
 .debug_aranges
                0x00000000000001d0       0x20 ./system/src/cmsis/vectors_stm32f0xx.o
 .debug_aranges
                0x00000000000001f0       0x20 ./src/ReadBit.o
 .debug_aranges
                0x0000000000000210       0x20 ./src/ReadBitSlice.o
 .debug_aranges
                0x0000000000000230       0x20 ./src/ResetBit.o
 .debug_aranges
                0x0000000000000250       0x20 ./src/SetBit.o
 .debug_aranges
                0x0000000000000270       0x20 ./src/ToggleBit.o
 .debug_aranges
                0x0000000000000290       0x20 ./src/fatorial.o
 .debug_aranges
                0x00000000000002b0       0x20 ./src/fibonacci.o
 .debug_aranges
                0x00000000000002d0       0x20 ./src/isLittleEndian.o
 .debug_aranges
                0x00000000000002f0       0x20 ./src/main.o
 .debug_aranges
                0x0000000000000310       0x20 ./src/soma.o

.debug_pubnames
 *(.debug_pubnames)

.debug_info     0x0000000000000000     0x4cd1
 *(.debug_info .gnu.linkonce.wi.*)
 .debug_info    0x0000000000000000      0x956 ./system/src/newlib/_exit.o
 .debug_info    0x0000000000000956      0x942 ./system/src/newlib/_sbrk.o
 .debug_info    0x0000000000001298      0x42e ./system/src/newlib/_startup.o
 .debug_info    0x00000000000016c6      0xa19 ./system/src/newlib/_syscalls.o
 .debug_info    0x00000000000020df      0xb2a ./system/src/diag/Trace.o
 .debug_info    0x0000000000002c09      0x347 ./system/src/diag/trace_impl.o
 .debug_info    0x0000000000002f50       0xe5 ./system/src/cortexm/_initialize_hardware.o
 .debug_info    0x0000000000003035      0xb8e ./system/src/cortexm/exception_handlers.o
 .debug_info    0x0000000000003bc3      0x2f3 ./system/src/cmsis/system_stm32f0xx.o
 .debug_info    0x0000000000003eb6       0xca ./system/src/cmsis/vectors_stm32f0xx.o
 .debug_info    0x0000000000003f80       0x26 ./src/ReadBit.o
 .debug_info    0x0000000000003fa6       0x26 ./src/ReadBitSlice.o
 .debug_info    0x0000000000003fcc       0x26 ./src/ResetBit.o
 .debug_info    0x0000000000003ff2       0x26 ./src/SetBit.o
 .debug_info    0x0000000000004018       0x26 ./src/ToggleBit.o
 .debug_info    0x000000000000403e       0x26 ./src/fatorial.o
 .debug_info    0x0000000000004064       0x26 ./src/fibonacci.o
 .debug_info    0x000000000000408a       0x26 ./src/isLittleEndian.o
 .debug_info    0x00000000000040b0      0xbfb ./src/main.o
 .debug_info    0x0000000000004cab       0x26 ./src/soma.o

.debug_abbrev   0x0000000000000000     0x1428
 *(.debug_abbrev)
 .debug_abbrev  0x0000000000000000      0x1f3 ./system/src/newlib/_exit.o
 .debug_abbrev  0x00000000000001f3      0x1fc ./system/src/newlib/_sbrk.o
 .debug_abbrev  0x00000000000003ef      0x1b3 ./system/src/newlib/_startup.o
 .debug_abbrev  0x00000000000005a2      0x234 ./system/src/newlib/_syscalls.o
 .debug_abbrev  0x00000000000007d6      0x276 ./system/src/diag/Trace.o
 .debug_abbrev  0x0000000000000a4c      0x1ca ./system/src/diag/trace_impl.o
 .debug_abbrev  0x0000000000000c16       0x81 ./system/src/cortexm/_initialize_hardware.o
 .debug_abbrev  0x0000000000000c97      0x28f ./system/src/cortexm/exception_handlers.o
 .debug_abbrev  0x0000000000000f26      0x166 ./system/src/cmsis/system_stm32f0xx.o
 .debug_abbrev  0x000000000000108c       0x9d ./system/src/cmsis/vectors_stm32f0xx.o
 .debug_abbrev  0x0000000000001129       0x14 ./src/ReadBit.o
 .debug_abbrev  0x000000000000113d       0x14 ./src/ReadBitSlice.o
 .debug_abbrev  0x0000000000001151       0x14 ./src/ResetBit.o
 .debug_abbrev  0x0000000000001165       0x14 ./src/SetBit.o
 .debug_abbrev  0x0000000000001179       0x14 ./src/ToggleBit.o
 .debug_abbrev  0x000000000000118d       0x14 ./src/fatorial.o
 .debug_abbrev  0x00000000000011a1       0x14 ./src/fibonacci.o
 .debug_abbrev  0x00000000000011b5       0x14 ./src/isLittleEndian.o
 .debug_abbrev  0x00000000000011c9      0x24b ./src/main.o
 .debug_abbrev  0x0000000000001414       0x14 ./src/soma.o

.debug_line     0x0000000000000000     0x2c7b
 *(.debug_line)
 .debug_line    0x0000000000000000      0x337 ./system/src/newlib/_exit.o
 .debug_line    0x0000000000000337      0x2eb ./system/src/newlib/_sbrk.o
 .debug_line    0x0000000000000622      0x3a5 ./system/src/newlib/_startup.o
 .debug_line    0x00000000000009c7      0x3fd ./system/src/newlib/_syscalls.o
 .debug_line    0x0000000000000dc4      0x3b3 ./system/src/diag/Trace.o
 .debug_line    0x0000000000001177      0x62c ./system/src/diag/trace_impl.o
 .debug_line    0x00000000000017a3      0x379 ./system/src/cortexm/_initialize_hardware.o
 .debug_line    0x0000000000001b1c      0x685 ./system/src/cortexm/exception_handlers.o
 .debug_line    0x00000000000021a1      0x3c3 ./system/src/cmsis/system_stm32f0xx.o
 .debug_line    0x0000000000002564       0xfa ./system/src/cmsis/vectors_stm32f0xx.o
 .debug_line    0x000000000000265e       0x4c ./src/ReadBit.o
 .debug_line    0x00000000000026aa       0x54 ./src/ReadBitSlice.o
 .debug_line    0x00000000000026fe       0x49 ./src/ResetBit.o
 .debug_line    0x0000000000002747       0x47 ./src/SetBit.o
 .debug_line    0x000000000000278e       0x4a ./src/ToggleBit.o
 .debug_line    0x00000000000027d8       0x4c ./src/fatorial.o
 .debug_line    0x0000000000002824       0x58 ./src/fibonacci.o
 .debug_line    0x000000000000287c       0x56 ./src/isLittleEndian.o
 .debug_line    0x00000000000028d2      0x35f ./src/main.o
 .debug_line    0x0000000000002c31       0x4a ./src/soma.o

.debug_frame    0x0000000000000000      0x660
 *(.debug_frame)
 .debug_frame   0x0000000000000000       0x38 ./system/src/newlib/_exit.o
 .debug_frame   0x0000000000000038       0x28 ./system/src/newlib/_sbrk.o
 .debug_frame   0x0000000000000060       0x80 ./system/src/newlib/_startup.o
 .debug_frame   0x00000000000000e0       0x50 ./system/src/newlib/_syscalls.o
 .debug_frame   0x0000000000000130       0x78 ./system/src/diag/Trace.o
 .debug_frame   0x00000000000001a8       0x60 ./system/src/diag/trace_impl.o
 .debug_frame   0x0000000000000208       0x40 ./system/src/cortexm/_initialize_hardware.o
 .debug_frame   0x0000000000000248       0xb0 ./system/src/cortexm/exception_handlers.o
 .debug_frame   0x00000000000002f8       0x54 ./system/src/cmsis/system_stm32f0xx.o
 .debug_frame   0x000000000000034c       0x20 ./system/src/cmsis/vectors_stm32f0xx.o
 .debug_frame   0x000000000000036c       0x30 ./src/main.o
 .debug_frame   0x000000000000039c       0x20 /home/ailson/gcc-arm-none-eabi-7-2018-q2-update/bin/../lib/gcc/arm-none-eabi/7.3.1/thumb/v6-m/libgcc.a(_udivsi3.o)
 .debug_frame   0x00000000000003bc       0x20 /home/ailson/gcc-arm-none-eabi-7-2018-q2-update/bin/../lib/gcc/arm-none-eabi/7.3.1/../../../../arm-none-eabi/lib/thumb/v6-m/libg_nano.a(lib_a-errno.o)
 .debug_frame   0x00000000000003dc       0x48 /home/ailson/gcc-arm-none-eabi-7-2018-q2-update/bin/../lib/gcc/arm-none-eabi/7.3.1/../../../../arm-none-eabi/lib/thumb/v6-m/libg_nano.a(lib_a-vsnprintf.o)
 .debug_frame   0x0000000000000424       0x74 /home/ailson/gcc-arm-none-eabi-7-2018-q2-update/bin/../lib/gcc/arm-none-eabi/7.3.1/../../../../arm-none-eabi/lib/thumb/v6-m/libg_nano.a(lib_a-nano-svfprintf.o)
 .debug_frame   0x0000000000000498       0x54 /home/ailson/gcc-arm-none-eabi-7-2018-q2-update/bin/../lib/gcc/arm-none-eabi/7.3.1/../../../../arm-none-eabi/lib/thumb/v6-m/libg_nano.a(lib_a-nano-vfprintf_i.o)
 .debug_frame   0x00000000000004ec       0x20 /home/ailson/gcc-arm-none-eabi-7-2018-q2-update/bin/../lib/gcc/arm-none-eabi/7.3.1/../../../../arm-none-eabi/lib/thumb/v6-m/libg_nano.a(lib_a-memchr-stub.o)
 .debug_frame   0x000000000000050c       0x28 /home/ailson/gcc-arm-none-eabi-7-2018-q2-update/bin/../lib/gcc/arm-none-eabi/7.3.1/../../../../arm-none-eabi/lib/thumb/v6-m/libg_nano.a(lib_a-memcpy-stub.o)
 .debug_frame   0x0000000000000534       0x28 /home/ailson/gcc-arm-none-eabi-7-2018-q2-update/bin/../lib/gcc/arm-none-eabi/7.3.1/../../../../arm-none-eabi/lib/thumb/v6-m/libg_nano.a(lib_a-memmove.o)
 .debug_frame   0x000000000000055c       0x2c /home/ailson/gcc-arm-none-eabi-7-2018-q2-update/bin/../lib/gcc/arm-none-eabi/7.3.1/../../../../arm-none-eabi/lib/thumb/v6-m/libg_nano.a(lib_a-nano-freer.o)
 .debug_frame   0x0000000000000588       0x2c /home/ailson/gcc-arm-none-eabi-7-2018-q2-update/bin/../lib/gcc/arm-none-eabi/7.3.1/../../../../arm-none-eabi/lib/thumb/v6-m/libg_nano.a(lib_a-nano-mallocr.o)
 .debug_frame   0x00000000000005b4       0x30 /home/ailson/gcc-arm-none-eabi-7-2018-q2-update/bin/../lib/gcc/arm-none-eabi/7.3.1/../../../../arm-none-eabi/lib/thumb/v6-m/libg_nano.a(lib_a-nano-reallocr.o)
 .debug_frame   0x00000000000005e4       0x2c /home/ailson/gcc-arm-none-eabi-7-2018-q2-update/bin/../lib/gcc/arm-none-eabi/7.3.1/../../../../arm-none-eabi/lib/thumb/v6-m/libg_nano.a(lib_a-sbrkr.o)
 .debug_frame   0x0000000000000610       0x30 /home/ailson/gcc-arm-none-eabi-7-2018-q2-update/bin/../lib/gcc/arm-none-eabi/7.3.1/../../../../arm-none-eabi/lib/thumb/v6-m/libg_nano.a(lib_a-mlock.o)
 .debug_frame   0x0000000000000640       0x20 /home/ailson/gcc-arm-none-eabi-7-2018-q2-update/bin/../lib/gcc/arm-none-eabi/7.3.1/../../../../arm-none-eabi/lib/thumb/v6-m/libg_nano.a(lib_a-nano-msizer.o)

.debug_str      0x0000000000000000    0x51587
 *(.debug_str)
 .debug_str     0x0000000000000000     0x7b53 ./system/src/newlib/_exit.o
                                       0x7d1a (size before relaxing)
 .debug_str     0x0000000000007b53      0x4f5 ./system/src/newlib/_sbrk.o
                                       0x70cc (size before relaxing)
 .debug_str     0x0000000000008048      0xbbd ./system/src/newlib/_startup.o
                                       0x6807 (size before relaxing)
 .debug_str     0x0000000000008c05      0xe8b ./system/src/newlib/_syscalls.o
                                       0x7fa7 (size before relaxing)
 .debug_str     0x0000000000009a90      0x826 ./system/src/diag/Trace.o
                                       0x8492 (size before relaxing)
 .debug_str     0x000000000000a2b6    0x46ee1 ./system/src/diag/trace_impl.o
                                      0x4e498 (size before relaxing)
 .debug_str     0x0000000000051197       0x5e ./system/src/cortexm/_initialize_hardware.o
                                      0x4a366 (size before relaxing)
 .debug_str     0x00000000000511f5      0x109 ./system/src/cortexm/exception_handlers.o
                                      0x4f34f (size before relaxing)
 .debug_str     0x00000000000512fe      0x108 ./system/src/cmsis/system_stm32f0xx.o
                                      0x4a3eb (size before relaxing)
 .debug_str     0x0000000000051406       0x56 ./system/src/cmsis/vectors_stm32f0xx.o
                                       0x37ea (size before relaxing)
 .debug_str     0x000000000005145c       0x21 ./src/ReadBit.o
                                         0x59 (size before relaxing)
 .debug_str     0x000000000005147d       0x18 ./src/ReadBitSlice.o
                                         0x5e (size before relaxing)
 .debug_str     0x0000000000051495       0x14 ./src/ResetBit.o
                                         0x5a (size before relaxing)
 .debug_str     0x00000000000514a9       0x12 ./src/SetBit.o
                                         0x58 (size before relaxing)
 .debug_str     0x00000000000514bb       0x15 ./src/ToggleBit.o
                                         0x5b (size before relaxing)
 .debug_str     0x00000000000514d0       0x14 ./src/fatorial.o
                                         0x5a (size before relaxing)
 .debug_str     0x00000000000514e4       0x15 ./src/fibonacci.o
                                         0x5b (size before relaxing)
 .debug_str     0x00000000000514f9       0x1a ./src/isLittleEndian.o
                                         0x60 (size before relaxing)
 .debug_str     0x0000000000051513       0x64 ./src/main.o
                                       0x8404 (size before relaxing)
 .debug_str     0x0000000000051577       0x10 ./src/soma.o
                                         0x56 (size before relaxing)

.debug_loc      0x0000000000000000      0x6ea
 *(.debug_loc)
 .debug_loc     0x0000000000000000       0x99 ./system/src/newlib/_sbrk.o
 .debug_loc     0x0000000000000099      0x1a9 ./system/src/newlib/_startup.o
 .debug_loc     0x0000000000000242       0x63 ./system/src/newlib/_syscalls.o
 .debug_loc     0x00000000000002a5       0xf6 ./system/src/diag/Trace.o
 .debug_loc     0x000000000000039b      0x10a ./system/src/diag/trace_impl.o
 .debug_loc     0x00000000000004a5       0x94 ./system/src/cortexm/exception_handlers.o
 .debug_loc     0x0000000000000539      0x150 ./system/src/cmsis/system_stm32f0xx.o
 .debug_loc     0x0000000000000689       0x61 ./src/main.o

.debug_macinfo
 *(.debug_macinfo)

.debug_weaknames
 *(.debug_weaknames)

.debug_funcnames
 *(.debug_funcnames)

.debug_typenames
 *(.debug_typenames)

.debug_varnames
 *(.debug_varnames)
OUTPUT(IsaCortexM0.elf elf32-littlearm)

.debug_ranges   0x0000000000000000      0x1d8
 .debug_ranges  0x0000000000000000       0x18 ./system/src/newlib/_exit.o
 .debug_ranges  0x0000000000000018       0x10 ./system/src/newlib/_sbrk.o
 .debug_ranges  0x0000000000000028       0x78 ./system/src/newlib/_startup.o
 .debug_ranges  0x00000000000000a0       0x20 ./system/src/newlib/_syscalls.o
 .debug_ranges  0x00000000000000c0       0x28 ./system/src/diag/Trace.o
 .debug_ranges  0x00000000000000e8       0x50 ./system/src/diag/trace_impl.o
 .debug_ranges  0x0000000000000138       0x18 ./system/src/cortexm/_initialize_hardware.o
 .debug_ranges  0x0000000000000150       0x48 ./system/src/cortexm/exception_handlers.o
 .debug_ranges  0x0000000000000198       0x20 ./system/src/cmsis/system_stm32f0xx.o
 .debug_ranges  0x00000000000001b8       0x10 ./system/src/cmsis/vectors_stm32f0xx.o
 .debug_ranges  0x00000000000001c8       0x10 ./src/main.o

.debug_macro    0x0000000000000000     0x276b
 .debug_macro   0x0000000000000000      0x1b4 ./system/src/newlib/_exit.o
 .debug_macro   0x00000000000001b4       0x34 ./system/src/newlib/_exit.o
 .debug_macro   0x00000000000001e8      0x10e ./system/src/newlib/_exit.o
 .debug_macro   0x00000000000002f6       0x8d ./system/src/newlib/_exit.o
 .debug_macro   0x0000000000000383       0x43 ./system/src/newlib/_exit.o
 .debug_macro   0x00000000000003c6      0x330 ./system/src/newlib/_exit.o
 .debug_macro   0x00000000000006f6       0x35 ./system/src/newlib/_exit.o
 .debug_macro   0x000000000000072b      0x169 ./system/src/newlib/_sbrk.o
 .debug_macro   0x0000000000000894      0x174 ./system/src/newlib/_sbrk.o
 .debug_macro   0x0000000000000a08       0x10 ./system/src/newlib/_sbrk.o
 .debug_macro   0x0000000000000a18      0x23b ./system/src/newlib/_sbrk.o
 .debug_macro   0x0000000000000c53      0x173 ./system/src/newlib/_startup.o
 .debug_macro   0x0000000000000dc6      0x217 ./system/src/newlib/_syscalls.o
 .debug_macro   0x0000000000000fdd       0x1c ./system/src/newlib/_syscalls.o
 .debug_macro   0x0000000000000ff9       0x10 ./system/src/newlib/_syscalls.o
 .debug_macro   0x0000000000001009       0x10 ./system/src/newlib/_syscalls.o
 .debug_macro   0x0000000000001019       0x10 ./system/src/newlib/_syscalls.o
 .debug_macro   0x0000000000001029       0x35 ./system/src/newlib/_syscalls.o
 .debug_macro   0x000000000000105e      0x122 ./system/src/newlib/_syscalls.o
 .debug_macro   0x0000000000001180       0x88 ./system/src/newlib/_syscalls.o
 .debug_macro   0x0000000000001208       0x2b ./system/src/newlib/_syscalls.o
 .debug_macro   0x0000000000001233      0x118 ./system/src/newlib/_syscalls.o
 .debug_macro   0x000000000000134b      0x189 ./system/src/newlib/_syscalls.o
 .debug_macro   0x00000000000014d4       0x16 ./system/src/newlib/_syscalls.o
 .debug_macro   0x00000000000014ea      0x1fb ./system/src/diag/Trace.o
 .debug_macro   0x00000000000016e5       0x16 ./system/src/diag/Trace.o
 .debug_macro   0x00000000000016fb       0x97 ./system/src/diag/Trace.o
 .debug_macro   0x0000000000001792       0xfd ./system/src/diag/Trace.o
 .debug_macro   0x000000000000188f       0x10 ./system/src/diag/Trace.o
 .debug_macro   0x000000000000189f       0x16 ./system/src/diag/Trace.o
 .debug_macro   0x00000000000018b5      0x16f ./system/src/diag/Trace.o
 .debug_macro   0x0000000000001a24       0x4c ./system/src/diag/Trace.o
 .debug_macro   0x0000000000001a70       0x16 ./system/src/diag/Trace.o
 .debug_macro   0x0000000000001a86      0x2d4 ./system/src/diag/trace_impl.o
 .debug_macro   0x0000000000001d5a       0x10 ./system/src/diag/trace_impl.o
 .debug_macro   0x0000000000001d6a       0xcf ./system/src/diag/trace_impl.o
 .debug_macro   0x0000000000001e39       0xbe ./system/src/diag/trace_impl.o
 .debug_macro   0x0000000000001ef7       0x22 ./system/src/diag/trace_impl.o
 .debug_macro   0x0000000000001f19      0x165 ./system/src/cortexm/_initialize_hardware.o
 .debug_macro   0x000000000000207e      0x31e ./system/src/cortexm/exception_handlers.o
 .debug_macro   0x000000000000239c       0x3b ./system/src/cortexm/exception_handlers.o
 .debug_macro   0x00000000000023d7       0x10 ./system/src/cortexm/exception_handlers.o
 .debug_macro   0x00000000000023e7      0x15b ./system/src/cmsis/system_stm32f0xx.o
 .debug_macro   0x0000000000002542       0x34 ./system/src/cmsis/vectors_stm32f0xx.o
 .debug_macro   0x0000000000002576      0x1f5 ./src/main.o
