Archive member included to satisfy reference by file (symbol)

/home/ailson/gcc-arm-none-eabi-7-2018-q2-update/bin/../lib/gcc/arm-none-eabi/7.3.1/thumb/v6-m/libgcc.a(_udivsi3.o)
                              ./system/src/stm32f0-stdperiph/stm32f0xx_rcc.o (__aeabi_uidiv)
/home/ailson/gcc-arm-none-eabi-7-2018-q2-update/bin/../lib/gcc/arm-none-eabi/7.3.1/thumb/v6-m/libgcc.a(_dvmd_tls.o)
                              /home/ailson/gcc-arm-none-eabi-7-2018-q2-update/bin/../lib/gcc/arm-none-eabi/7.3.1/thumb/v6-m/libgcc.a(_udivsi3.o) (__aeabi_idiv0)
/home/ailson/gcc-arm-none-eabi-7-2018-q2-update/bin/../lib/gcc/arm-none-eabi/7.3.1/../../../../arm-none-eabi/lib/thumb/v6-m/libg_nano.a(lib_a-errno.o)
                              ./system/src/newlib/_sbrk.o (__errno)
/home/ailson/gcc-arm-none-eabi-7-2018-q2-update/bin/../lib/gcc/arm-none-eabi/7.3.1/../../../../arm-none-eabi/lib/thumb/v6-m/libg_nano.a(lib_a-impure.o)
                              /home/ailson/gcc-arm-none-eabi-7-2018-q2-update/bin/../lib/gcc/arm-none-eabi/7.3.1/../../../../arm-none-eabi/lib/thumb/v6-m/libg_nano.a(lib_a-errno.o) (_impure_ptr)
/home/ailson/gcc-arm-none-eabi-7-2018-q2-update/bin/../lib/gcc/arm-none-eabi/7.3.1/../../../../arm-none-eabi/lib/thumb/v6-m/libg_nano.a(lib_a-strlen.o)
                              ./system/src/diag/Trace.o (strlen)
/home/ailson/gcc-arm-none-eabi-7-2018-q2-update/bin/../lib/gcc/arm-none-eabi/7.3.1/../../../../arm-none-eabi/lib/thumb/v6-m/libg_nano.a(lib_a-vsnprintf.o)
                              ./system/src/diag/Trace.o (vsnprintf)
/home/ailson/gcc-arm-none-eabi-7-2018-q2-update/bin/../lib/gcc/arm-none-eabi/7.3.1/../../../../arm-none-eabi/lib/thumb/v6-m/libg_nano.a(lib_a-nano-svfprintf.o)
                              /home/ailson/gcc-arm-none-eabi-7-2018-q2-update/bin/../lib/gcc/arm-none-eabi/7.3.1/../../../../arm-none-eabi/lib/thumb/v6-m/libg_nano.a(lib_a-vsnprintf.o) (_svfprintf_r)
/home/ailson/gcc-arm-none-eabi-7-2018-q2-update/bin/../lib/gcc/arm-none-eabi/7.3.1/../../../../arm-none-eabi/lib/thumb/v6-m/libg_nano.a(lib_a-nano-vfprintf_i.o)
                              /home/ailson/gcc-arm-none-eabi-7-2018-q2-update/bin/../lib/gcc/arm-none-eabi/7.3.1/../../../../arm-none-eabi/lib/thumb/v6-m/libg_nano.a(lib_a-nano-svfprintf.o) (_printf_i)
/home/ailson/gcc-arm-none-eabi-7-2018-q2-update/bin/../lib/gcc/arm-none-eabi/7.3.1/../../../../arm-none-eabi/lib/thumb/v6-m/libg_nano.a(lib_a-memchr-stub.o)
                              /home/ailson/gcc-arm-none-eabi-7-2018-q2-update/bin/../lib/gcc/arm-none-eabi/7.3.1/../../../../arm-none-eabi/lib/thumb/v6-m/libg_nano.a(lib_a-nano-svfprintf.o) (memchr)
/home/ailson/gcc-arm-none-eabi-7-2018-q2-update/bin/../lib/gcc/arm-none-eabi/7.3.1/../../../../arm-none-eabi/lib/thumb/v6-m/libg_nano.a(lib_a-memcpy-stub.o)
                              /home/ailson/gcc-arm-none-eabi-7-2018-q2-update/bin/../lib/gcc/arm-none-eabi/7.3.1/../../../../arm-none-eabi/lib/thumb/v6-m/libg_nano.a(lib_a-nano-svfprintf.o) (memcpy)
/home/ailson/gcc-arm-none-eabi-7-2018-q2-update/bin/../lib/gcc/arm-none-eabi/7.3.1/../../../../arm-none-eabi/lib/thumb/v6-m/libg_nano.a(lib_a-memmove.o)
                              /home/ailson/gcc-arm-none-eabi-7-2018-q2-update/bin/../lib/gcc/arm-none-eabi/7.3.1/../../../../arm-none-eabi/lib/thumb/v6-m/libg_nano.a(lib_a-nano-svfprintf.o) (memmove)
/home/ailson/gcc-arm-none-eabi-7-2018-q2-update/bin/../lib/gcc/arm-none-eabi/7.3.1/../../../../arm-none-eabi/lib/thumb/v6-m/libg_nano.a(lib_a-nano-freer.o)
                              /home/ailson/gcc-arm-none-eabi-7-2018-q2-update/bin/../lib/gcc/arm-none-eabi/7.3.1/../../../../arm-none-eabi/lib/thumb/v6-m/libg_nano.a(lib_a-nano-svfprintf.o) (_free_r)
/home/ailson/gcc-arm-none-eabi-7-2018-q2-update/bin/../lib/gcc/arm-none-eabi/7.3.1/../../../../arm-none-eabi/lib/thumb/v6-m/libg_nano.a(lib_a-nano-mallocr.o)
                              /home/ailson/gcc-arm-none-eabi-7-2018-q2-update/bin/../lib/gcc/arm-none-eabi/7.3.1/../../../../arm-none-eabi/lib/thumb/v6-m/libg_nano.a(lib_a-nano-svfprintf.o) (_malloc_r)
/home/ailson/gcc-arm-none-eabi-7-2018-q2-update/bin/../lib/gcc/arm-none-eabi/7.3.1/../../../../arm-none-eabi/lib/thumb/v6-m/libg_nano.a(lib_a-nano-reallocr.o)
                              /home/ailson/gcc-arm-none-eabi-7-2018-q2-update/bin/../lib/gcc/arm-none-eabi/7.3.1/../../../../arm-none-eabi/lib/thumb/v6-m/libg_nano.a(lib_a-nano-svfprintf.o) (_realloc_r)
/home/ailson/gcc-arm-none-eabi-7-2018-q2-update/bin/../lib/gcc/arm-none-eabi/7.3.1/../../../../arm-none-eabi/lib/thumb/v6-m/libg_nano.a(lib_a-sbrkr.o)
                              /home/ailson/gcc-arm-none-eabi-7-2018-q2-update/bin/../lib/gcc/arm-none-eabi/7.3.1/../../../../arm-none-eabi/lib/thumb/v6-m/libg_nano.a(lib_a-nano-mallocr.o) (_sbrk_r)
/home/ailson/gcc-arm-none-eabi-7-2018-q2-update/bin/../lib/gcc/arm-none-eabi/7.3.1/../../../../arm-none-eabi/lib/thumb/v6-m/libg_nano.a(lib_a-mlock.o)
[...]
Memory Configuration

Name             Origin             Length             Attributes
RAM              0x0000000020000000 0x0000000000002000 xrw
CCMRAM           0x0000000000000000 0x0000000000000000 xrw
FLASH            0x0000000008000000 0x0000000000010000 xr
FLASHB1          0x0000000000000000 0x0000000000000000 xr
EXTMEMB0         0x0000000000000000 0x0000000000000000 xr
EXTMEMB1         0x0000000000000000 0x0000000000000000 xr
EXTMEMB2         0x0000000000000000 0x0000000000000000 xr
EXTMEMB3         0x0000000000000000 0x0000000000000000 xr
MEMORY_ARRAY     0x0000000000000000 0x0000000000000000 xrw
*default*        0x0000000000000000 0xffffffffffffffff

Linker script and memory map

LOAD ./system/src/stm32f0-stdperiph/stm32f0xx_gpio.o
LOAD ./system/src/stm32f0-stdperiph/stm32f0xx_rcc.o
LOAD ./system/src/newlib/_cxx.o
LOAD ./system/src/newlib/_exit.o
LOAD ./system/src/newlib/_sbrk.o
LOAD ./system/src/newlib/_startup.o
LOAD ./system/src/newlib/_syscalls.o
LOAD ./system/src/newlib/assert.o
LOAD ./system/src/diag/Trace.o
LOAD ./system/src/diag/trace_impl.o
LOAD ./system/src/cortexm/_initialize_hardware.o
LOAD ./system/src/cortexm/_reset_hardware.o
LOAD ./system/src/cortexm/exception_handlers.o
LOAD ./system/src/cmsis/system_stm32f0xx.o
LOAD ./system/src/cmsis/vectors_stm32f0xx.o
LOAD ./src/BlinkLed.o
LOAD ./src/Timer.o
LOAD ./src/_write.o
LOAD ./src/fibonacci.o
LOAD ./src/main.o
LOAD /home/ailson/gcc-arm-none-eabi-7-2018-q2-update/bin/../lib/gcc/arm-none-eabi/7.3.1/../../../../arm-none-eabi/lib/thumb/v6-m/libstdc++_nano.a
LOAD /home/ailson/gcc-arm-none-eabi-7-2018-q2-update/bin/../lib/gcc/arm-none-eabi/7.3.1/../../../../arm-none-eabi/lib/thumb/v6-m/libm.a
START GROUP
LOAD /home/ailson/gcc-arm-none-eabi-7-2018-q2-update/bin/../lib/gcc/arm-none-eabi/7.3.1/thumb/v6-m/libgcc.a
LOAD /home/ailson/gcc-arm-none-eabi-7-2018-q2-update/bin/../lib/gcc/arm-none-eabi/7.3.1/../../../../arm-none-eabi/lib/thumb/v6-m/libg_nano.a
LOAD /home/ailson/gcc-arm-none-eabi-7-2018-q2-update/bin/../lib/gcc/arm-none-eabi/7.3.1/../../../../arm-none-eabi/lib/thumb/v6-m/libc_nano.a
END GROUP
START GROUP
LOAD /home/ailson/gcc-arm-none-eabi-7-2018-q2-update/bin/../lib/gcc/arm-none-eabi/7.3.1/thumb/v6-m/libgcc.a
LOAD /home/ailson/gcc-arm-none-eabi-7-2018-q2-update/bin/../lib/gcc/arm-none-eabi/7.3.1/../../../../arm-none-eabi/lib/thumb/v6-m/libc_nano.a
END GROUP
                0x0000000020002000                __stack = (ORIGIN (RAM) + LENGTH (RAM))
                0x0000000020002000                _estack = __stack
                0x0000000000000400                __Main_Stack_Size = 0x400
                [!provide]                        PROVIDE (_Main_Stack_Size = __Main_Stack_Size)
                0x0000000020001c00                __Main_Stack_Limit = (__stack - __Main_Stack_Size)
                [!provide]                        PROVIDE (_Main_Stack_Limit = __Main_Stack_Limit)
                0x0000000000000100                _Minimum_Stack_Size = 0x100
                0x0000000020000128                PROVIDE (_Heap_Begin = _end_noinit)
                0x0000000020001c00                PROVIDE (_Heap_Limit = (__stack - __Main_Stack_Size))

.isr_vector     0x0000000008000000      0x230
 FILL mask 0xff
                0x0000000008000000                __vectors_start = ABSOLUTE (.)
                0x0000000008000000                __vectors_start__ = ABSOLUTE (.)
 *(.isr_vector)
 .isr_vector    0x0000000008000000       0xc4 ./system/src/cmsis/vectors_stm32f0xx.o
                0x0000000008000000                g_pfnVectors
 *(.cfmconfig)
 *(.after_vectors .after_vectors.*)
 .after_vectors
                0x00000000080000c4      0x118 ./system/src/newlib/_startup.o
                0x00000000080000c4                _start
 .after_vectors
                0x00000000080001dc       0x50 ./system/src/cortexm/exception_handlers.o
                0x00000000080001dc                Reset_Handler
                0x00000000080001e2                NMI_Handler
                0x00000000080001e6                HardFault_Handler
                0x00000000080001fe                HardFault_Handler_C
                0x000000000800021c                SVC_Handler
                0x0000000008000220                PendSV_Handler
 .after_vectors
                0x000000000800022c        0x4 ./system/src/cmsis/vectors_stm32f0xx.o
                0x000000000800022c                TIM1_CC_IRQHandler
                0x000000000800022c                TSC_IRQHandler
                0x000000000800022c                ADC1_COMP_IRQHandler
                0x000000000800022c                TIM6_IRQHandler
                0x000000000800022c                PVD_IRQHandler
                0x000000000800022c                I2C1_IRQHandler
                0x000000000800022c                RCC_CRS_IRQHandler
                0x000000000800022c                SPI1_IRQHandler
                0x000000000800022c                TIM6_DAC_IRQHandler
                0x000000000800022c                USART3_4_IRQHandler
                0x000000000800022c                EXTI2_3_IRQHandler
                0x000000000800022c                ADC1_IRQHandler
                0x000000000800022c                I2C2_IRQHandler
                0x000000000800022c                USART3_6_IRQHandler
                0x000000000800022c                TIM17_IRQHandler
                0x000000000800022c                CEC_CAN_IRQHandler
                0x000000000800022c                RTC_IRQHandler
                0x000000000800022c                PVD_VDDIO2_IRQHandler
                0x000000000800022c                DMA1_Channel4_5_6_7_IRQHandler
                0x000000000800022c                TIM16_IRQHandler
                0x000000000800022c                TIM3_IRQHandler
                0x000000000800022c                RCC_IRQHandler
                0x000000000800022c                EXTI4_15_IRQHandler
                0x000000000800022c                USART3_8_IRQHandler
                0x000000000800022c                DMA1_Channel1_IRQHandler
                0x000000000800022c                Default_Handler
                0x000000000800022c                CEC_IRQHandler
                0x000000000800022c                TIM14_IRQHandler
                0x000000000800022c                DMA1_Channel4_5_IRQHandler
                0x000000000800022c                TIM7_IRQHandler
                0x000000000800022c                TIM15_IRQHandler
                0x000000000800022c                EXTI0_1_IRQHandler
                0x000000000800022c                USB_IRQHandler
                0x000000000800022c                SPI2_IRQHandler
                0x000000000800022c                DMA1_Ch2_3_DMA2_Ch1_2_IRQHandler
                0x000000000800022c                DMA1_Ch4_7_DMA2_Ch3_5_IRQHandler
                0x000000000800022c                TS_IRQHandler
                0x000000000800022c                WWDG_IRQHandler
                0x000000000800022c                TIM2_IRQHandler
                0x000000000800022c                DMA1_Channel2_3_IRQHandler
                0x000000000800022c                USART2_IRQHandler
                0x000000000800022c                VDDIO2_IRQHandler
                0x000000000800022c                FLASH_IRQHandler
                0x000000000800022c                USART1_IRQHandler
                0x000000000800022c                TIM1_BRK_UP_TRG_COM_IRQHandler

.inits          0x0000000008000230       0x28
                0x0000000008000230                __data_regions_array_start = .
                0x0000000008000230        0x4 LONG 0x80014b8 LOADADDR (.data)
                0x0000000008000234        0x4 LONG 0x20000000 ADDR (.data)
                0x0000000008000238        0x4 LONG 0x20000088 (ADDR (.data) + SIZEOF (.data))
                0x000000000800023c        0x4 LONG 0x80014b8 LOADADDR (.data_CCMRAM)
                0x0000000008000240        0x4 LONG 0x0 ADDR (.data_CCMRAM)
                0x0000000008000244        0x4 LONG 0x0 (ADDR (.data_CCMRAM) + SIZEOF (.data_CCMRAM))
                0x0000000008000248                __data_regions_array_end = .
                0x0000000008000248                __bss_regions_array_start = .
                0x0000000008000248        0x4 LONG 0x20000088 ADDR (.bss)
                0x000000000800024c        0x4 LONG 0x20000128 (ADDR (.bss) + SIZEOF (.bss))
                0x0000000008000250        0x4 LONG 0x0 ADDR (.bss_CCMRAM)
                0x0000000008000254        0x4 LONG 0x0 (ADDR (.bss_CCMRAM) + SIZEOF (.bss_CCMRAM))
                0x0000000008000258                __bss_regions_array_end = .
 *(.init)
 *(.fini)
                0x0000000008000258                . = ALIGN (0x4)
                0x0000000008000258                PROVIDE (__preinit_array_start = .)
 *(.preinit_array_sysinit .preinit_array_sysinit.*)
 *(.preinit_array_platform .preinit_array_platform.*)
 *(.preinit_array .preinit_array.*)
                0x0000000008000258                PROVIDE (__preinit_array_end = .)
                0x0000000008000258                . = ALIGN (0x4)
                0x0000000008000258                PROVIDE (__init_array_start = .)
 *(SORT_BY_NAME(.init_array.*))
 *(.init_array)
                0x0000000008000258                PROVIDE (__init_array_end = .)
                0x0000000008000258                . = ALIGN (0x4)
                0x0000000008000258                PROVIDE (__fini_array_start = .)
 *(SORT_BY_NAME(.fini_array.*))
 *(.fini_array)
                0x0000000008000258                PROVIDE (__fini_array_end = .)

.flashtext
 *(.flashtext .flashtext.*)

.text           0x0000000008000258     0x125f
 *(.text .text.*)
 .text.GPIO_Init
                0x0000000008000258      0x120 ./system/src/stm32f0-stdperiph/stm32f0xx_gpio.o
                0x0000000008000258                GPIO_Init
 .text.GPIO_SetBits
                0x0000000008000378       0x64 ./system/src/stm32f0-stdperiph/stm32f0xx_gpio.o
                0x0000000008000378                GPIO_SetBits
 .text.GPIO_ResetBits
                0x00000000080003dc       0x64 ./system/src/stm32f0-stdperiph/stm32f0xx_gpio.o
                0x00000000080003dc                GPIO_ResetBits
 .text.RCC_AHBPeriphClockCmd
                0x0000000008000440       0x54 ./system/src/stm32f0-stdperiph/stm32f0xx_rcc.o
                0x0000000008000440                RCC_AHBPeriphClockCmd
 .text._exit    0x0000000008000494        0x2 ./system/src/newlib/_exit.o
                0x0000000008000494                _exit
 *fill*         0x0000000008000496        0x2 
 .text.abort    0x0000000008000498       0x14 ./system/src/newlib/_exit.o
                0x0000000008000498                abort
 .text._sbrk    0x00000000080004ac       0x48 ./system/src/newlib/_sbrk.o
                0x00000000080004ac                _sbrk
 .text.__initialize_args
                0x00000000080004f4       0x10 ./system/src/newlib/_syscalls.o
                0x00000000080004f4                __initialize_args
 .text.assert_failed
                0x0000000008000504       0x14 ./system/src/newlib/assert.o
                0x0000000008000504                assert_failed
 .text.trace_printf
                0x0000000008000518       0x2c ./system/src/diag/Trace.o
                0x0000000008000518                trace_printf
 .text.trace_puts
                0x0000000008000544       0x20 ./system/src/diag/Trace.o
                0x0000000008000544                trace_puts
 .text._trace_write_semihosting_debug
                0x0000000008000564       0x60 ./system/src/diag/trace_impl.o
 .text.trace_write
                0x00000000080005c4        0x8 ./system/src/diag/trace_impl.o
                0x00000000080005c4                trace_write
 .text.__initialize_hardware_early
                0x00000000080005cc        0x8 ./system/src/cortexm/_initialize_hardware.o
                0x00000000080005cc                __initialize_hardware_early
 .text.__initialize_hardware
                0x00000000080005d4        0x8 ./system/src/cortexm/_initialize_hardware.o
                0x00000000080005d4                __initialize_hardware
 .text.dumpExceptionStack
                0x00000000080005dc       0x88 ./system/src/cortexm/exception_handlers.o
                0x00000000080005dc                dumpExceptionStack
 .text.SetSysClock
                0x0000000008000664       0xb4 ./system/src/cmsis/system_stm32f0xx.o
 .text.SystemInit
                0x0000000008000718       0x64 ./system/src/cmsis/system_stm32f0xx.o
                0x0000000008000718                SystemInit
 .text.SystemCoreClockUpdate
                0x000000000800077c       0x98 ./system/src/cmsis/system_stm32f0xx.o
                0x000000000800077c                SystemCoreClockUpdate
 .text.blink_led_init
                0x0000000008000814       0x40 ./src/BlinkLed.o
                0x0000000008000814                blink_led_init
 .text.timer_start
                0x0000000008000854       0x44 ./src/Timer.o
                0x0000000008000854                timer_start
 .text.timer_sleep
                0x0000000008000898       0x14 ./src/Timer.o
                0x0000000008000898                timer_sleep
 .text.timer_tick
                0x00000000080008ac       0x18 ./src/Timer.o
                0x00000000080008ac                timer_tick
 .text.SysTick_Handler
                0x00000000080008c4        0x8 ./src/Timer.o
                0x00000000080008c4                SysTick_Handler
 .text          0x00000000080008cc       0x2a ./src/fibonacci.o
                0x00000000080008cc                fibonacci
 *fill*         0x00000000080008f6        0x2 
 .text.main     0x00000000080008f8       0x7c ./src/main.o
                0x00000000080008f8                main
 .text          0x0000000008000974      0x114 /home/ailson/gcc-arm-none-eabi-7-2018-q2-update/bin/../lib/gcc/arm-none-eabi/7.3.1/thumb/v6-m/libgcc.a(_udivsi3.o)
                0x0000000008000974                __udivsi3
                0x0000000008000974                __aeabi_uidiv
                0x0000000008000a80                __aeabi_uidivmod
 .text          0x0000000008000a88        0x4 /home/ailson/gcc-arm-none-eabi-7-2018-q2-update/bin/../lib/gcc/arm-none-eabi/7.3.1/thumb/v6-m/libgcc.a(_dvmd_tls.o)
                0x0000000008000a88                __aeabi_ldiv0
                0x0000000008000a88                __aeabi_idiv0
 .text.__errno  0x0000000008000a8c        0xc /home/ailson/gcc-arm-none-eabi-7-2018-q2-update/bin/../lib/gcc/arm-none-eabi/7.3.1/../../../../arm-none-eabi/lib/thumb/v6-m/libg_nano.a(lib_a-errno.o)
                0x0000000008000a8c                __errno
 .text          0x0000000008000a98        0xe /home/ailson/gcc-arm-none-eabi-7-2018-q2-update/bin/../lib/gcc/arm-none-eabi/7.3.1/../../../../arm-none-eabi/lib/thumb/v6-m/libg_nano.a(lib_a-strlen.o)
                0x0000000008000a98                strlen
 .text._vsnprintf_r
                0x0000000008000aa6       0x56 /home/ailson/gcc-arm-none-eabi-7-2018-q2-update/bin/../lib/gcc/arm-none-eabi/7.3.1/../../../../arm-none-eabi/lib/thumb/v6-m/libg_nano.a(lib_a-vsnprintf.o)
                0x0000000008000aa6                _vsnprintf_r
                0x0000000008000aa6                _vsniprintf_r
 .text.vsnprintf
                0x0000000008000afc       0x18 /home/ailson/gcc-arm-none-eabi-7-2018-q2-update/bin/../lib/gcc/arm-none-eabi/7.3.1/../../../../arm-none-eabi/lib/thumb/v6-m/libg_nano.a(lib_a-vsnprintf.o)
                0x0000000008000afc                vsnprintf
                0x0000000008000afc                vsniprintf
 .text.__ssputs_r
                0x0000000008000b14       0xc4 /home/ailson/gcc-arm-none-eabi-7-2018-q2-update/bin/../lib/gcc/arm-none-eabi/7.3.1/../../../../arm-none-eabi/lib/thumb/v6-m/libg_nano.a(lib_a-nano-svfprintf.o)
                0x0000000008000b14                __ssputs_r
 .text._svfprintf_r
                0x0000000008000bd8      0x1fc /home/ailson/gcc-arm-none-eabi-7-2018-q2-update/bin/../lib/gcc/arm-none-eabi/7.3.1/../../../../arm-none-eabi/lib/thumb/v6-m/libg_nano.a(lib_a-nano-svfprintf.o)
                0x0000000008000bd8                _svfprintf_r
                0x0000000008000bd8                _svfiprintf_r
 .text._printf_common
                0x0000000008000dd4       0xda /home/ailson/gcc-arm-none-eabi-7-2018-q2-update/bin/../lib/gcc/arm-none-eabi/7.3.1/../../../../arm-none-eabi/lib/thumb/v6-m/libg_nano.a(lib_a-nano-vfprintf_i.o)
                0x0000000008000dd4                _printf_common
 *fill*         0x0000000008000eae        0x2 
 .text._printf_i
                0x0000000008000eb0      0x210 /home/ailson/gcc-arm-none-eabi-7-2018-q2-update/bin/../lib/gcc/arm-none-eabi/7.3.1/../../../../arm-none-eabi/lib/thumb/v6-m/libg_nano.a(lib_a-nano-vfprintf_i.o)
                0x0000000008000eb0                _printf_i
 .text.memchr   0x00000000080010c0       0x16 /home/ailson/gcc-arm-none-eabi-7-2018-q2-update/bin/../lib/gcc/arm-none-eabi/7.3.1/../../../../arm-none-eabi/lib/thumb/v6-m/libg_nano.a(lib_a-memchr-stub.o)
                0x00000000080010c0                memchr
 .text.memcpy   0x00000000080010d6       0x12 /home/ailson/gcc-arm-none-eabi-7-2018-q2-update/bin/../lib/gcc/arm-none-eabi/7.3.1/../../../../arm-none-eabi/lib/thumb/v6-m/libg_nano.a(lib_a-memcpy-stub.o)
                0x00000000080010d6                memcpy
 .text.memmove  0x00000000080010e8       0x26 /home/ailson/gcc-arm-none-eabi-7-2018-q2-update/bin/../lib/gcc/arm-none-eabi/7.3.1/../../../../arm-none-eabi/lib/thumb/v6-m/libg_nano.a(lib_a-memmove.o)
                0x00000000080010e8                memmove
 *fill*         0x000000000800110e        0x2 
 .text._free_r  0x0000000008001110       0x94 /home/ailson/gcc-arm-none-eabi-7-2018-q2-update/bin/../lib/gcc/arm-none-eabi/7.3.1/../../../../arm-none-eabi/lib/thumb/v6-m/libg_nano.a(lib_a-nano-freer.o)
                0x0000000008001110                _free_r
 .text._malloc_r
                0x00000000080011a4       0xbc /home/ailson/gcc-arm-none-eabi-7-2018-q2-update/bin/../lib/gcc/arm-none-eabi/7.3.1/../../../../arm-none-eabi/lib/thumb/v6-m/libg_nano.a(lib_a-nano-mallocr.o)
                0x00000000080011a4                _malloc_r
 .text._realloc_r
                0x0000000008001260       0x4c /home/ailson/gcc-arm-none-eabi-7-2018-q2-update/bin/../lib/gcc/arm-none-eabi/7.3.1/../../../../arm-none-eabi/lib/thumb/v6-m/libg_nano.a(lib_a-nano-reallocr.o)
                0x0000000008001260                _realloc_r
 .text._sbrk_r  0x00000000080012ac       0x24 /home/ailson/gcc-arm-none-eabi-7-2018-q2-update/bin/../lib/gcc/arm-none-eabi/7.3.1/../../../../arm-none-eabi/lib/thumb/v6-m/libg_nano.a(lib_a-sbrkr.o)
                0x00000000080012ac                _sbrk_r
 .text.__malloc_lock
                0x00000000080012d0        0x2 /home/ailson/gcc-arm-none-eabi-7-2018-q2-update/bin/../lib/gcc/arm-none-eabi/7.3.1/../../../../arm-none-eabi/lib/thumb/v6-m/libg_nano.a(lib_a-mlock.o)
                0x00000000080012d0                __malloc_lock
 .text.__malloc_unlock
                0x00000000080012d2        0x2 /home/ailson/gcc-arm-none-eabi-7-2018-q2-update/bin/../lib/gcc/arm-none-eabi/7.3.1/../../../../arm-none-eabi/lib/thumb/v6-m/libg_nano.a(lib_a-mlock.o)
                0x00000000080012d2                __malloc_unlock
 .text._malloc_usable_size_r
                0x00000000080012d4       0x10 /home/ailson/gcc-arm-none-eabi-7-2018-q2-update/bin/../lib/gcc/arm-none-eabi/7.3.1/../../../../arm-none-eabi/lib/thumb/v6-m/libg_nano.a(lib_a-nano-msizer.o)
                0x00000000080012d4                _malloc_usable_size_r
 *(.rodata .rodata.* .constdata .constdata.*)
 .rodata.GPIO_DeInit.str1.4
                0x00000000080012e4       0x31 ./system/src/stm32f0-stdperiph/stm32f0xx_gpio.o
 *fill*         0x0000000008001315        0x3 
 .rodata.RCC_HSEConfig.str1.4
                0x0000000008001318       0x30 ./system/src/stm32f0-stdperiph/stm32f0xx_rcc.o
 .rodata.abort.str1.4
                0x0000000008001348       0x14 ./system/src/newlib/_exit.o
 .rodata.assert_failed.str1.4
                0x000000000800135c       0x2b ./system/src/newlib/assert.o
 .rodata.trace_puts.str1.4
                0x0000000008001387       0x2b ./system/src/diag/Trace.o
                                          0x2 (size before relaxing)
 *fill*         0x0000000008001387        0x1 
 .rodata.dumpExceptionStack.str1.4
                0x0000000008001388       0xae ./system/src/cortexm/exception_handlers.o
 *fill*         0x0000000008001436        0x2 
 .rodata.str1.4
                0x0000000008001438        0xd ./system/src/cortexm/exception_handlers.o
 *fill*         0x0000000008001445        0x3 
 .rodata.main.str1.4
                0x0000000008001448       0x3c ./src/main.o
                                         0x3b (size before relaxing)
 .rodata._svfprintf_r.str1.1
                0x0000000008001484       0x11 /home/ailson/gcc-arm-none-eabi-7-2018-q2-update/bin/../lib/gcc/arm-none-eabi/7.3.1/../../../../arm-none-eabi/lib/thumb/v6-m/libg_nano.a(lib_a-nano-svfprintf.o)
 .rodata._printf_i.str1.1
                0x0000000008001495       0x22 /home/ailson/gcc-arm-none-eabi-7-2018-q2-update/bin/../lib/gcc/arm-none-eabi/7.3.1/../../../../arm-none-eabi/lib/thumb/v6-m/libg_nano.a(lib_a-nano-vfprintf_i.o)
 *(vtable)
 *(.eh_frame*)
 *(.glue_7)
 .glue_7        0x00000000080014b7        0x0 linker stubs
 *(.glue_7t)
 .glue_7t       0x00000000080014b7        0x0 linker stubs

.vfp11_veneer   0x00000000080014b8        0x0
 .vfp11_veneer  0x00000000080014b8        0x0 linker stubs

.v4_bx          0x00000000080014b8        0x0
 .v4_bx         0x00000000080014b8        0x0 linker stubs

.iplt           0x00000000080014b8        0x0
 .iplt          0x00000000080014b8        0x0 ./system/src/stm32f0-stdperiph/stm32f0xx_gpio.o

.rel.dyn        0x00000000080014b8        0x0
 .rel.iplt      0x00000000080014b8        0x0 ./system/src/stm32f0-stdperiph/stm32f0xx_gpio.o

.ARM.extab
 *(.ARM.extab* .gnu.linkonce.armextab.*)
                0x00000000080014b8                . = ALIGN (0x4)
                0x00000000080014b8                __exidx_start = .

.ARM.exidx
 *(.ARM.exidx* .gnu.linkonce.armexidx.*)
                0x00000000080014b8                __exidx_end = .
                0x00000000080014b8                . = ALIGN (0x4)
                0x00000000080014b8                _etext = .
                0x00000000080014b8                __etext = .

.data_CCMRAM    0x0000000000000000        0x0 load address 0x00000000080014b8
 FILL mask 0xff
 *(.data.CCMRAM .data.CCMRAM.*)
                0x0000000000000000                . = ALIGN (0x4)
                0x00000000080014b8                _sidata = LOADADDR (.data)

.data           0x0000000020000000       0x88 load address 0x00000000080014b8
 FILL mask 0xff
                0x0000000020000000                _sdata = .
                0x0000000020000000                __data_start__ = .
 *(.data_begin .data_begin.*)
 .data_begin    0x0000000020000000        0x4 ./system/src/newlib/_startup.o
 *(.data .data.*)
 .data.argv.4310
                0x0000000020000004        0x8 ./system/src/newlib/_syscalls.o
 .data.AHBPrescTable
                0x000000002000000c       0x10 ./system/src/cmsis/system_stm32f0xx.o
                0x000000002000000c                AHBPrescTable
 .data.SystemCoreClock
                0x000000002000001c        0x4 ./system/src/cmsis/system_stm32f0xx.o
                0x000000002000001c                SystemCoreClock
 .data._impure_ptr
                0x0000000020000020        0x4 /home/ailson/gcc-arm-none-eabi-7-2018-q2-update/bin/../lib/gcc/arm-none-eabi/7.3.1/../../../../arm-none-eabi/lib/thumb/v6-m/libg_nano.a(lib_a-impure.o)
                0x0000000020000020                _impure_ptr
 .data.impure_data
                0x0000000020000024       0x60 /home/ailson/gcc-arm-none-eabi-7-2018-q2-update/bin/../lib/gcc/arm-none-eabi/7.3.1/../../../../arm-none-eabi/lib/thumb/v6-m/libg_nano.a(lib_a-impure.o)
 *(.data_end .data_end.*)
 .data_end      0x0000000020000084        0x4 ./system/src/newlib/_startup.o
                0x0000000020000088                . = ALIGN (0x4)
                0x0000000020000088                _edata = .
                0x0000000020000088                __data_end__ = .

.igot.plt       0x0000000020000088        0x0 load address 0x0000000008001540
 .igot.plt      0x0000000020000088        0x0 ./system/src/stm32f0-stdperiph/stm32f0xx_gpio.o

.bss_CCMRAM     0x0000000000000000        0x0
 *(.bss.CCMRAM .bss.CCMRAM.*)

.bss            0x0000000020000088       0xa0
                0x0000000020000088                __bss_start__ = .
                0x0000000020000088                _sbss = .
 *(.bss_begin .bss_begin.*)
 .bss_begin     0x0000000020000088        0x4 ./system/src/newlib/_startup.o
 *(.bss .bss.*)
 .bss.current_heap_end.3961
                0x000000002000008c        0x4 ./system/src/newlib/_sbrk.o
 .bss.name.4309
                0x0000000020000090        0x1 ./system/src/newlib/_syscalls.o
 *fill*         0x0000000020000091        0x3 
 .bss.buf.5205  0x0000000020000094       0x80 ./system/src/diag/Trace.o
 .bss.__malloc_free_list
                0x0000000020000114        0x4 /home/ailson/gcc-arm-none-eabi-7-2018-q2-update/bin/../lib/gcc/arm-none-eabi/7.3.1/../../../../arm-none-eabi/lib/thumb/v6-m/libg_nano.a(lib_a-nano-mallocr.o)
                0x0000000020000114                __malloc_free_list
 .bss.__malloc_sbrk_start
                0x0000000020000118        0x4 /home/ailson/gcc-arm-none-eabi-7-2018-q2-update/bin/../lib/gcc/arm-none-eabi/7.3.1/../../../../arm-none-eabi/lib/thumb/v6-m/libg_nano.a(lib_a-nano-mallocr.o)
                0x0000000020000118                __malloc_sbrk_start
 *(COMMON)
 COMMON         0x000000002000011c        0x4 ./system/src/newlib/_syscalls.o
                0x000000002000011c                errno
 COMMON         0x0000000020000120        0x4 ./src/Timer.o
                0x0000000020000120                timer_delayCount
 *(.bss_end .bss_end.*)
 .bss_end       0x0000000020000124        0x4 ./system/src/newlib/_startup.o
                0x0000000020000128                . = ALIGN (0x4)
                0x0000000020000128                __bss_end__ = .
                0x0000000020000128                _ebss = .

.noinit_CCMRAM
 *(.noinit.CCMRAM .noinit.CCMRAM.*)

.noinit         0x0000000020000128        0x0
                0x0000000020000128                _noinit = .
 *(.noinit .noinit.*)
                0x0000000020000128                . = ALIGN (0x4)
                0x0000000020000128                _end_noinit = .
                [!provide]                        PROVIDE (end = _end_noinit)
                [!provide]                        PROVIDE (_end = _end_noinit)
                [!provide]                        PROVIDE (__end = _end_noinit)
                [!provide]                        PROVIDE (__end__ = _end_noinit)

._check_stack   0x0000000020000128      0x100
                0x0000000020000228                . = (. + _Minimum_Stack_Size)
 *fill*         0x0000000020000128      0x100 

.b1text
 *(.b1text)
 *(.b1rodata)
 *(.b1rodata.*)

.eb0text
 *(.eb0text)
 *(.eb0rodata)
 *(.eb0rodata.*)

.eb1text
 *(.eb1text)
 *(.eb1rodata)
 *(.eb1rodata.*)

.eb2text
 *(.eb2text)
 *(.eb2rodata)
 *(.eb2rodata.*)

.eb3text
 *(.eb3text)
 *(.eb3rodata)
 *(.eb3rodata.*)

.stab
 *(.stab)

.stabstr
 *(.stabstr)

.stab.excl
 *(.stab.excl)

.stab.exclstr
 *(.stab.exclstr)

.stab.index
 *(.stab.index)

.stab.indexstr
 *(.stab.indexstr)

.comment        0x0000000000000000       0x7f
 *(.comment)
 .comment       0x0000000000000000       0x7f ./system/src/stm32f0-stdperiph/stm32f0xx_gpio.o
                                         0x80 (size before relaxing)
 .comment       0x000000000000007f       0x80 ./system/src/stm32f0-stdperiph/stm32f0xx_rcc.o
 .comment       0x000000000000007f       0x80 ./system/src/newlib/_exit.o
 .comment       0x000000000000007f       0x80 ./system/src/newlib/_sbrk.o
 .comment       0x000000000000007f       0x80 ./system/src/newlib/_startup.o
 .comment       0x000000000000007f       0x80 ./system/src/newlib/_syscalls.o
 .comment       0x000000000000007f       0x80 ./system/src/newlib/assert.o
 .comment       0x000000000000007f       0x80 ./system/src/diag/Trace.o
 .comment       0x000000000000007f       0x80 ./system/src/diag/trace_impl.o
 .comment       0x000000000000007f       0x80 ./system/src/cortexm/_initialize_hardware.o
 .comment       0x000000000000007f       0x80 ./system/src/cortexm/exception_handlers.o
 .comment       0x000000000000007f       0x80 ./system/src/cmsis/system_stm32f0xx.o
 .comment       0x000000000000007f       0x80 ./system/src/cmsis/vectors_stm32f0xx.o
 .comment       0x000000000000007f       0x80 ./src/BlinkLed.o
 .comment       0x000000000000007f       0x80 ./src/Timer.o
 .comment       0x000000000000007f       0x80 ./src/main.o

.ARM.attributes
                0x0000000000000000       0x2f
 .ARM.attributes
                0x0000000000000000       0x31 ./system/src/stm32f0-stdperiph/stm32f0xx_gpio.o
 .ARM.attributes
                0x0000000000000031       0x31 ./system/src/stm32f0-stdperiph/stm32f0xx_rcc.o
 .ARM.attributes
                0x0000000000000062       0x31 ./system/src/newlib/_exit.o
 .ARM.attributes
                0x0000000000000093       0x31 ./system/src/newlib/_sbrk.o
 .ARM.attributes
                0x00000000000000c4       0x31 ./system/src/newlib/_startup.o
 .ARM.attributes
                0x00000000000000f5       0x31 ./system/src/newlib/_syscalls.o
 .ARM.attributes
                0x0000000000000126       0x31 ./system/src/newlib/assert.o
 .ARM.attributes
                0x0000000000000157       0x31 ./system/src/diag/Trace.o
 .ARM.attributes
                0x0000000000000188       0x31 ./system/src/diag/trace_impl.o
 .ARM.attributes
                0x00000000000001b9       0x31 ./system/src/cortexm/_initialize_hardware.o
 .ARM.attributes
                0x00000000000001ea       0x31 ./system/src/cortexm/exception_handlers.o
 .ARM.attributes
                0x000000000000021b       0x31 ./system/src/cmsis/system_stm32f0xx.o
 .ARM.attributes
                0x000000000000024c       0x31 ./system/src/cmsis/vectors_stm32f0xx.o
 .ARM.attributes
                0x000000000000027d       0x31 ./src/BlinkLed.o
 .ARM.attributes
                0x00000000000002ae       0x31 ./src/Timer.o
 .ARM.attributes
                0x00000000000002df       0x21 ./src/fibonacci.o
 .ARM.attributes
                0x0000000000000300       0x31 ./src/main.o
 .ARM.attributes
                0x0000000000000331       0x1e /home/ailson/gcc-arm-none-eabi-7-2018-q2-update/bin/../lib/gcc/arm-none-eabi/7.3.1/thumb/v6-m/libgcc.a(_udivsi3.o)
 .ARM.attributes
                0x000000000000034f       0x1e /home/ailson/gcc-arm-none-eabi-7-2018-q2-update/bin/../lib/gcc/arm-none-eabi/7.3.1/thumb/v6-m/libgcc.a(_dvmd_tls.o)
 .ARM.attributes
                0x000000000000036d       0x2c /home/ailson/gcc-arm-none-eabi-7-2018-q2-update/bin/../lib/gcc/arm-none-eabi/7.3.1/../../../../arm-none-eabi/lib/thumb/v6-m/libg_nano.a(lib_a-errno.o)
 .ARM.attributes
                0x0000000000000399       0x2c /home/ailson/gcc-arm-none-eabi-7-2018-q2-update/bin/../lib/gcc/arm-none-eabi/7.3.1/../../../../arm-none-eabi/lib/thumb/v6-m/libg_nano.a(lib_a-impure.o)
 .ARM.attributes
                0x00000000000003c5       0x1c /home/ailson/gcc-arm-none-eabi-7-2018-q2-update/bin/../lib/gcc/arm-none-eabi/7.3.1/../../../../arm-none-eabi/lib/thumb/v6-m/libg_nano.a(lib_a-strlen.o)
 .ARM.attributes
                0x00000000000003e1       0x2c /home/ailson/gcc-arm-none-eabi-7-2018-q2-update/bin/../lib/gcc/arm-none-eabi/7.3.1/../../../../arm-none-eabi/lib/thumb/v6-m/libg_nano.a(lib_a-vsnprintf.o)
 .ARM.attributes
                0x000000000000040d       0x2c /home/ailson/gcc-arm-none-eabi-7-2018-q2-update/bin/../lib/gcc/arm-none-eabi/7.3.1/../../../../arm-none-eabi/lib/thumb/v6-m/libg_nano.a(lib_a-nano-svfprintf.o)
 .ARM.attributes
                0x0000000000000439       0x2c /home/ailson/gcc-arm-none-eabi-7-2018-q2-update/bin/../lib/gcc/arm-none-eabi/7.3.1/../../../../arm-none-eabi/lib/thumb/v6-m/libg_nano.a(lib_a-nano-vfprintf_i.o)
 .ARM.attributes
                0x0000000000000465       0x2c /home/ailson/gcc-arm-none-eabi-7-2018-q2-update/bin/../lib/gcc/arm-none-eabi/7.3.1/../../../../arm-none-eabi/lib/thumb/v6-m/libg_nano.a(lib_a-memchr-stub.o)
 .ARM.attributes
                0x0000000000000491       0x2c /home/ailson/gcc-arm-none-eabi-7-2018-q2-update/bin/../lib/gcc/arm-none-eabi/7.3.1/../../../../arm-none-eabi/lib/thumb/v6-m/libg_nano.a(lib_a-memcpy-stub.o)
 .ARM.attributes
                0x00000000000004bd       0x2c /home/ailson/gcc-arm-none-eabi-7-2018-q2-update/bin/../lib/gcc/arm-none-eabi/7.3.1/../../../../arm-none-eabi/lib/thumb/v6-m/libg_nano.a(lib_a-memmove.o)
 .ARM.attributes
                0x00000000000004e9       0x2c /home/ailson/gcc-arm-none-eabi-7-2018-q2-update/bin/../lib/gcc/arm-none-eabi/7.3.1/../../../../arm-none-eabi/lib/thumb/v6-m/libg_nano.a(lib_a-nano-freer.o)
 .ARM.attributes
                0x0000000000000515       0x2c /home/ailson/gcc-arm-none-eabi-7-2018-q2-update/bin/../lib/gcc/arm-none-eabi/7.3.1/../../../../arm-none-eabi/lib/thumb/v6-m/libg_nano.a(lib_a-nano-mallocr.o)
 .ARM.attributes
                0x0000000000000541       0x2c /home/ailson/gcc-arm-none-eabi-7-2018-q2-update/bin/../lib/gcc/arm-none-eabi/7.3.1/../../../../arm-none-eabi/lib/thumb/v6-m/libg_nano.a(lib_a-nano-reallocr.o)
 .ARM.attributes
                0x000000000000056d       0x2c /home/ailson/gcc-arm-none-eabi-7-2018-q2-update/bin/../lib/gcc/arm-none-eabi/7.3.1/../../../../arm-none-eabi/lib/thumb/v6-m/libg_nano.a(lib_a-sbrkr.o)
 .ARM.attributes
                0x0000000000000599       0x2c /home/ailson/gcc-arm-none-eabi-7-2018-q2-update/bin/../lib/gcc/arm-none-eabi/7.3.1/../../../../arm-none-eabi/lib/thumb/v6-m/libg_nano.a(lib_a-mlock.o)
 .ARM.attributes
                0x00000000000005c5       0x2c /home/ailson/gcc-arm-none-eabi-7-2018-q2-update/bin/../lib/gcc/arm-none-eabi/7.3.1/../../../../arm-none-eabi/lib/thumb/v6-m/libg_nano.a(lib_a-nano-msizer.o)

.debug
 *(.debug)

.line
 *(.line)

.debug_srcinfo
 *(.debug_srcinfo)

.debug_sfnames
 *(.debug_sfnames)

.debug_aranges  0x0000000000000000      0x490
 *(.debug_aranges)
 .debug_aranges
                0x0000000000000000       0x80 ./system/src/stm32f0-stdperiph/stm32f0xx_gpio.o
 .debug_aranges
                0x0000000000000080      0x160 ./system/src/stm32f0-stdperiph/stm32f0xx_rcc.o
 .debug_aranges
                0x00000000000001e0       0x28 ./system/src/newlib/_exit.o
 .debug_aranges
                0x0000000000000208       0x20 ./system/src/newlib/_sbrk.o
 .debug_aranges
                0x0000000000000228       0x40 ./system/src/newlib/_startup.o
 .debug_aranges
                0x0000000000000268       0x30 ./system/src/newlib/_syscalls.o
 .debug_aranges
                0x0000000000000298       0x28 ./system/src/newlib/assert.o
 .debug_aranges
                0x00000000000002c0       0x38 ./system/src/diag/Trace.o
 .debug_aranges
                0x00000000000002f8       0x30 ./system/src/diag/trace_impl.o
 .debug_aranges
                0x0000000000000328       0x28 ./system/src/cortexm/_initialize_hardware.o
 .debug_aranges
                0x0000000000000350       0x58 ./system/src/cortexm/exception_handlers.o
 .debug_aranges
                0x00000000000003a8       0x30 ./system/src/cmsis/system_stm32f0xx.o
 .debug_aranges
                0x00000000000003d8       0x20 ./system/src/cmsis/vectors_stm32f0xx.o
 .debug_aranges
                0x00000000000003f8       0x20 ./src/BlinkLed.o
 .debug_aranges
                0x0000000000000418       0x38 ./src/Timer.o
 .debug_aranges
                0x0000000000000450       0x20 ./src/fibonacci.o
 .debug_aranges
                0x0000000000000470       0x20 ./src/main.o

.debug_pubnames
 *(.debug_pubnames)

.debug_info     0x0000000000000000     0x7668
 *(.debug_info .gnu.linkonce.wi.*)
 .debug_info    0x0000000000000000      0xa0f ./system/src/stm32f0-stdperiph/stm32f0xx_gpio.o
 .debug_info    0x0000000000000a0f      0xf30 ./system/src/stm32f0-stdperiph/stm32f0xx_rcc.o
 .debug_info    0x000000000000193f      0x956 ./system/src/newlib/_exit.o
 .debug_info    0x0000000000002295      0x942 ./system/src/newlib/_sbrk.o
 .debug_info    0x0000000000002bd7      0x42e ./system/src/newlib/_startup.o
 .debug_info    0x0000000000003005      0xa19 ./system/src/newlib/_syscalls.o
 .debug_info    0x0000000000003a1e      0x9ff ./system/src/newlib/assert.o
 .debug_info    0x000000000000441d      0xb2a ./system/src/diag/Trace.o
 .debug_info    0x0000000000004f47      0x347 ./system/src/diag/trace_impl.o
 .debug_info    0x000000000000528e       0xe5 ./system/src/cortexm/_initialize_hardware.o
 .debug_info    0x0000000000005373      0xb8e ./system/src/cortexm/exception_handlers.o
 .debug_info    0x0000000000005f01      0x2f3 ./system/src/cmsis/system_stm32f0xx.o
 .debug_info    0x00000000000061f4       0xca ./system/src/cmsis/vectors_stm32f0xx.o
 .debug_info    0x00000000000062be      0x33d ./src/BlinkLed.o
 .debug_info    0x00000000000065fb      0x464 ./src/Timer.o
 .debug_info    0x0000000000006a5f       0x26 ./src/fibonacci.o
 .debug_info    0x0000000000006a85      0xbe3 ./src/main.o

.debug_abbrev   0x0000000000000000     0x1ce8
 *(.debug_abbrev)
 .debug_abbrev  0x0000000000000000      0x1eb ./system/src/stm32f0-stdperiph/stm32f0xx_gpio.o
 .debug_abbrev  0x00000000000001eb      0x24a ./system/src/stm32f0-stdperiph/stm32f0xx_rcc.o
 .debug_abbrev  0x0000000000000435      0x1f3 ./system/src/newlib/_exit.o
 .debug_abbrev  0x0000000000000628      0x1fc ./system/src/newlib/_sbrk.o
 .debug_abbrev  0x0000000000000824      0x1b3 ./system/src/newlib/_startup.o
 .debug_abbrev  0x00000000000009d7      0x234 ./system/src/newlib/_syscalls.o
 .debug_abbrev  0x0000000000000c0b      0x1f3 ./system/src/newlib/assert.o
 .debug_abbrev  0x0000000000000dfe      0x276 ./system/src/diag/Trace.o
 .debug_abbrev  0x0000000000001074      0x1ca ./system/src/diag/trace_impl.o
 .debug_abbrev  0x000000000000123e       0x81 ./system/src/cortexm/_initialize_hardware.o
 .debug_abbrev  0x00000000000012bf      0x28f ./system/src/cortexm/exception_handlers.o
 .debug_abbrev  0x000000000000154e      0x166 ./system/src/cmsis/system_stm32f0xx.o
 .debug_abbrev  0x00000000000016b4       0x9d ./system/src/cmsis/vectors_stm32f0xx.o
 .debug_abbrev  0x0000000000001751      0x163 ./src/BlinkLed.o
 .debug_abbrev  0x00000000000018b4      0x1bc ./src/Timer.o
 .debug_abbrev  0x0000000000001a70       0x14 ./src/fibonacci.o
 .debug_abbrev  0x0000000000001a84      0x264 ./src/main.o

.debug_line     0x0000000000000000     0x48e0
 *(.debug_line)
 .debug_line    0x0000000000000000      0x730 ./system/src/stm32f0-stdperiph/stm32f0xx_gpio.o
 .debug_line    0x0000000000000730      0xa27 ./system/src/stm32f0-stdperiph/stm32f0xx_rcc.o
 .debug_line    0x0000000000001157      0x337 ./system/src/newlib/_exit.o
 .debug_line    0x000000000000148e      0x2eb ./system/src/newlib/_sbrk.o
 .debug_line    0x0000000000001779      0x3a5 ./system/src/newlib/_startup.o
 .debug_line    0x0000000000001b1e      0x3fd ./system/src/newlib/_syscalls.o
 .debug_line    0x0000000000001f1b      0x372 ./system/src/newlib/assert.o
 .debug_line    0x000000000000228d      0x3b3 ./system/src/diag/Trace.o
 .debug_line    0x0000000000002640      0x62c ./system/src/diag/trace_impl.o
 .debug_line    0x0000000000002c6c      0x379 ./system/src/cortexm/_initialize_hardware.o
 .debug_line    0x0000000000002fe5      0x685 ./system/src/cortexm/exception_handlers.o
 .debug_line    0x000000000000366a      0x3c3 ./system/src/cmsis/system_stm32f0xx.o
 .debug_line    0x0000000000003a2d       0xfa ./system/src/cmsis/vectors_stm32f0xx.o
 .debug_line    0x0000000000003b27      0x355 ./src/BlinkLed.o
 .debug_line    0x0000000000003e7c      0x3d3 ./src/Timer.o
 .debug_line    0x000000000000424f       0x58 ./src/fibonacci.o
 .debug_line    0x00000000000042a7      0x639 ./src/main.o

.debug_frame    0x0000000000000000      0xc84
 *(.debug_frame)
 .debug_frame   0x0000000000000000      0x164 ./system/src/stm32f0-stdperiph/stm32f0xx_gpio.o
 .debug_frame   0x0000000000000164      0x3f8 ./system/src/stm32f0-stdperiph/stm32f0xx_rcc.o
 .debug_frame   0x000000000000055c       0x38 ./system/src/newlib/_exit.o
 .debug_frame   0x0000000000000594       0x28 ./system/src/newlib/_sbrk.o
 .debug_frame   0x00000000000005bc       0x80 ./system/src/newlib/_startup.o
 .debug_frame   0x000000000000063c       0x50 ./system/src/newlib/_syscalls.o
 .debug_frame   0x000000000000068c       0x44 ./system/src/newlib/assert.o
 .debug_frame   0x00000000000006d0       0x78 ./system/src/diag/Trace.o
 .debug_frame   0x0000000000000748       0x60 ./system/src/diag/trace_impl.o
 .debug_frame   0x00000000000007a8       0x40 ./system/src/cortexm/_initialize_hardware.o
 .debug_frame   0x00000000000007e8       0xb0 ./system/src/cortexm/exception_handlers.o
 .debug_frame   0x0000000000000898       0x54 ./system/src/cmsis/system_stm32f0xx.o
 .debug_frame   0x00000000000008ec       0x20 ./system/src/cmsis/vectors_stm32f0xx.o
 .debug_frame   0x000000000000090c       0x2c ./src/BlinkLed.o
 .debug_frame   0x0000000000000938       0x60 ./src/Timer.o
 .debug_frame   0x0000000000000998       0x28 ./src/main.o
 .debug_frame   0x00000000000009c0       0x20 /home/ailson/gcc-arm-none-eabi-7-2018-q2-update/bin/../lib/gcc/arm-none-eabi/7.3.1/thumb/v6-m/libgcc.a(_udivsi3.o)
 .debug_frame   0x00000000000009e0       0x20 /home/ailson/gcc-arm-none-eabi-7-2018-q2-update/bin/../lib/gcc/arm-none-eabi/7.3.1/../../../../arm-none-eabi/lib/thumb/v6-m/libg_nano.a(lib_a-errno.o)
 .debug_frame   0x0000000000000a00       0x48 /home/ailson/gcc-arm-none-eabi-7-2018-q2-update/bin/../lib/gcc/arm-none-eabi/7.3.1/../../../../arm-none-eabi/lib/thumb/v6-m/libg_nano.a(lib_a-vsnprintf.o)
 .debug_frame   0x0000000000000a48       0x74 /home/ailson/gcc-arm-none-eabi-7-2018-q2-update/bin/../lib/gcc/arm-none-eabi/7.3.1/../../../../arm-none-eabi/lib/thumb/v6-m/libg_nano.a(lib_a-nano-svfprintf.o)
 .debug_frame   0x0000000000000abc       0x54 /home/ailson/gcc-arm-none-eabi-7-2018-q2-update/bin/../lib/gcc/arm-none-eabi/7.3.1/../../../../arm-none-eabi/lib/thumb/v6-m/libg_nano.a(lib_a-nano-vfprintf_i.o)
 .debug_frame   0x0000000000000b10       0x20 /home/ailson/gcc-arm-none-eabi-7-2018-q2-update/bin/../lib/gcc/arm-none-eabi/7.3.1/../../../../arm-none-eabi/lib/thumb/v6-m/libg_nano.a(lib_a-memchr-stub.o)
 .debug_frame   0x0000000000000b30       0x28 /home/ailson/gcc-arm-none-eabi-7-2018-q2-update/bin/../lib/gcc/arm-none-eabi/7.3.1/../../../../arm-none-eabi/lib/thumb/v6-m/libg_nano.a(lib_a-memcpy-stub.o)
 .debug_frame   0x0000000000000b58       0x28 /home/ailson/gcc-arm-none-eabi-7-2018-q2-update/bin/../lib/gcc/arm-none-eabi/7.3.1/../../../../arm-none-eabi/lib/thumb/v6-m/libg_nano.a(lib_a-memmove.o)
 .debug_frame   0x0000000000000b80       0x2c /home/ailson/gcc-arm-none-eabi-7-2018-q2-update/bin/../lib/gcc/arm-none-eabi/7.3.1/../../../../arm-none-eabi/lib/thumb/v6-m/libg_nano.a(lib_a-nano-freer.o)
 .debug_frame   0x0000000000000bac       0x2c /home/ailson/gcc-arm-none-eabi-7-2018-q2-update/bin/../lib/gcc/arm-none-eabi/7.3.1/../../../../arm-none-eabi/lib/thumb/v6-m/libg_nano.a(lib_a-nano-mallocr.o)
 .debug_frame   0x0000000000000bd8       0x30 /home/ailson/gcc-arm-none-eabi-7-2018-q2-update/bin/../lib/gcc/arm-none-eabi/7.3.1/../../../../arm-none-eabi/lib/thumb/v6-m/libg_nano.a(lib_a-nano-reallocr.o)
 .debug_frame   0x0000000000000c08       0x2c /home/ailson/gcc-arm-none-eabi-7-2018-q2-update/bin/../lib/gcc/arm-none-eabi/7.3.1/../../../../arm-none-eabi/lib/thumb/v6-m/libg_nano.a(lib_a-sbrkr.o)
 .debug_frame   0x0000000000000c34       0x30 /home/ailson/gcc-arm-none-eabi-7-2018-q2-update/bin/../lib/gcc/arm-none-eabi/7.3.1/../../../../arm-none-eabi/lib/thumb/v6-m/libg_nano.a(lib_a-mlock.o)
 .debug_frame   0x0000000000000c64       0x20 /home/ailson/gcc-arm-none-eabi-7-2018-q2-update/bin/../lib/gcc/arm-none-eabi/7.3.1/../../../../arm-none-eabi/lib/thumb/v6-m/libg_nano.a(lib_a-nano-msizer.o)

.debug_str      0x0000000000000000    0x5223e
 *(.debug_str)
 .debug_str     0x0000000000000000    0x4a467 ./system/src/stm32f0-stdperiph/stm32f0xx_gpio.o
                                      0x4a61d (size before relaxing)
 .debug_str     0x000000000004a467      0x66e ./system/src/stm32f0-stdperiph/stm32f0xx_rcc.o
                                      0x4a9c7 (size before relaxing)
 .debug_str     0x000000000004aad5     0x4ec4 ./system/src/newlib/_exit.o
                                       0x7d17 (size before relaxing)
 .debug_str     0x000000000004f999      0x4f5 ./system/src/newlib/_sbrk.o
                                       0x70c9 (size before relaxing)
 .debug_str     0x000000000004fe8e      0x260 ./system/src/newlib/_startup.o
                                       0x6804 (size before relaxing)
 .debug_str     0x00000000000500ee      0xe8b ./system/src/newlib/_syscalls.o
                                       0x7fa4 (size before relaxing)
 .debug_str     0x0000000000050f79       0xd0 ./system/src/newlib/assert.o
                                       0x881c (size before relaxing)
 .debug_str     0x0000000000051049      0x819 ./system/src/diag/Trace.o
                                       0x848f (size before relaxing)
 .debug_str     0x0000000000051862      0x37b ./system/src/diag/trace_impl.o
                                      0x4e495 (size before relaxing)
 .debug_str     0x0000000000051bdd       0x5e ./system/src/cortexm/_initialize_hardware.o
                                      0x4a363 (size before relaxing)
 .debug_str     0x0000000000051c3b      0x109 ./system/src/cortexm/exception_handlers.o
                                      0x4f34c (size before relaxing)
 .debug_str     0x0000000000051d44       0x57 ./system/src/cmsis/system_stm32f0xx.o
                                      0x4a3e8 (size before relaxing)
 .debug_str     0x0000000000051d9b       0x56 ./system/src/cmsis/vectors_stm32f0xx.o
                                       0x37e7 (size before relaxing)
 .debug_str     0x0000000000051df1      0x12e ./src/BlinkLed.o
                                      0x4a5ca (size before relaxing)
 .debug_str     0x0000000000051f1f      0x257 ./src/Timer.o
                                      0x4a629 (size before relaxing)
 .debug_str     0x0000000000052176       0x23 ./src/fibonacci.o
                                         0x58 (size before relaxing)
 .debug_str     0x0000000000052199       0xa5 ./src/main.o
                                      0x4fbec (size before relaxing)

.debug_loc      0x0000000000000000     0x1d35
 *(.debug_loc)
 .debug_loc     0x0000000000000000      0x5bf ./system/src/stm32f0-stdperiph/stm32f0xx_gpio.o
 .debug_loc     0x00000000000005bf      0xef7 ./system/src/stm32f0-stdperiph/stm32f0xx_rcc.o
 .debug_loc     0x00000000000014b6       0x99 ./system/src/newlib/_sbrk.o
 .debug_loc     0x000000000000154f      0x1a9 ./system/src/newlib/_startup.o
 .debug_loc     0x00000000000016f8       0x63 ./system/src/newlib/_syscalls.o
 .debug_loc     0x000000000000175b      0x11e ./system/src/newlib/assert.o
 .debug_loc     0x0000000000001879       0xf6 ./system/src/diag/Trace.o
 .debug_loc     0x000000000000196f      0x10a ./system/src/diag/trace_impl.o
 .debug_loc     0x0000000000001a79       0x94 ./system/src/cortexm/exception_handlers.o
 .debug_loc     0x0000000000001b0d      0x150 ./system/src/cmsis/system_stm32f0xx.o
 .debug_loc     0x0000000000001c5d       0x59 ./src/Timer.o
 .debug_loc     0x0000000000001cb6       0x7f ./src/main.o

.debug_macinfo
 *(.debug_macinfo)

.debug_weaknames
 *(.debug_weaknames)

.debug_funcnames
 *(.debug_funcnames)

.debug_typenames
 *(.debug_typenames)

.debug_varnames
 *(.debug_varnames)
OUTPUT(alomundo.elf elf32-littlearm)

.debug_ranges   0x0000000000000000      0x3e8
 .debug_ranges  0x0000000000000000       0x70 ./system/src/stm32f0-stdperiph/stm32f0xx_gpio.o
 .debug_ranges  0x0000000000000070      0x150 ./system/src/stm32f0-stdperiph/stm32f0xx_rcc.o
 .debug_ranges  0x00000000000001c0       0x18 ./system/src/newlib/_exit.o
 .debug_ranges  0x00000000000001d8       0x10 ./system/src/newlib/_sbrk.o
 .debug_ranges  0x00000000000001e8       0x78 ./system/src/newlib/_startup.o
 .debug_ranges  0x0000000000000260       0x20 ./system/src/newlib/_syscalls.o
 .debug_ranges  0x0000000000000280       0x18 ./system/src/newlib/assert.o
 .debug_ranges  0x0000000000000298       0x28 ./system/src/diag/Trace.o
 .debug_ranges  0x00000000000002c0       0x50 ./system/src/diag/trace_impl.o
 .debug_ranges  0x0000000000000310       0x18 ./system/src/cortexm/_initialize_hardware.o
 .debug_ranges  0x0000000000000328       0x48 ./system/src/cortexm/exception_handlers.o
 .debug_ranges  0x0000000000000370       0x20 ./system/src/cmsis/system_stm32f0xx.o
 .debug_ranges  0x0000000000000390       0x10 ./system/src/cmsis/vectors_stm32f0xx.o
 .debug_ranges  0x00000000000003a0       0x10 ./src/BlinkLed.o
 .debug_ranges  0x00000000000003b0       0x28 ./src/Timer.o
 .debug_ranges  0x00000000000003d8       0x10 ./src/main.o

.debug_macro    0x0000000000000000     0xe686
 .debug_macro   0x0000000000000000      0x165 ./system/src/stm32f0-stdperiph/stm32f0xx_gpio.o
 .debug_macro   0x0000000000000165      0xa5a ./system/src/stm32f0-stdperiph/stm32f0xx_gpio.o
 .debug_macro   0x0000000000000bbf       0x7a ./system/src/stm32f0-stdperiph/stm32f0xx_gpio.o
 .debug_macro   0x0000000000000c39      0x34e ./system/src/stm32f0-stdperiph/stm32f0xx_gpio.o
 .debug_macro   0x0000000000000f87       0x35 ./system/src/stm32f0-stdperiph/stm32f0xx_gpio.o
 .debug_macro   0x0000000000000fbc       0x26 ./system/src/stm32f0-stdperiph/stm32f0xx_gpio.o
 .debug_macro   0x0000000000000fe2      0x30d ./system/src/stm32f0-stdperiph/stm32f0xx_gpio.o
 .debug_macro   0x00000000000012ef     0x631c ./system/src/stm32f0-stdperiph/stm32f0xx_gpio.o
 .debug_macro   0x000000000000760b      0x2eb ./system/src/stm32f0-stdperiph/stm32f0xx_gpio.o
 .debug_macro   0x00000000000078f6      0x3cf ./system/src/stm32f0-stdperiph/stm32f0xx_gpio.o
 .debug_macro   0x0000000000007cc5      0x191 ./system/src/stm32f0-stdperiph/stm32f0xx_gpio.o
 .debug_macro   0x0000000000007e56       0x46 ./system/src/stm32f0-stdperiph/stm32f0xx_gpio.o
 .debug_macro   0x0000000000007e9c       0xd9 ./system/src/stm32f0-stdperiph/stm32f0xx_gpio.o
 .debug_macro   0x0000000000007f75       0xef ./system/src/stm32f0-stdperiph/stm32f0xx_gpio.o
 .debug_macro   0x0000000000008064      0x184 ./system/src/stm32f0-stdperiph/stm32f0xx_gpio.o
 .debug_macro   0x00000000000081e8       0x7c ./system/src/stm32f0-stdperiph/stm32f0xx_gpio.o
 .debug_macro   0x0000000000008264      0x85b ./system/src/stm32f0-stdperiph/stm32f0xx_gpio.o
 .debug_macro   0x0000000000008abf       0xd5 ./system/src/stm32f0-stdperiph/stm32f0xx_gpio.o
 .debug_macro   0x0000000000008b94      0x240 ./system/src/stm32f0-stdperiph/stm32f0xx_gpio.o
 .debug_macro   0x0000000000008dd4      0x471 ./system/src/stm32f0-stdperiph/stm32f0xx_gpio.o
 .debug_macro   0x0000000000009245      0x2a0 ./system/src/stm32f0-stdperiph/stm32f0xx_gpio.o
 .debug_macro   0x00000000000094e5       0x70 ./system/src/stm32f0-stdperiph/stm32f0xx_gpio.o
 .debug_macro   0x0000000000009555       0xdf ./system/src/stm32f0-stdperiph/stm32f0xx_gpio.o
 .debug_macro   0x0000000000009634      0x522 ./system/src/stm32f0-stdperiph/stm32f0xx_gpio.o
 .debug_macro   0x0000000000009b56      0x4c5 ./system/src/stm32f0-stdperiph/stm32f0xx_gpio.o
 .debug_macro   0x000000000000a01b      0x396 ./system/src/stm32f0-stdperiph/stm32f0xx_gpio.o
 .debug_macro   0x000000000000a3b1      0x750 ./system/src/stm32f0-stdperiph/stm32f0xx_gpio.o
 .debug_macro   0x000000000000ab01      0x356 ./system/src/stm32f0-stdperiph/stm32f0xx_gpio.o
 .debug_macro   0x000000000000ae57       0x34 ./system/src/stm32f0-stdperiph/stm32f0xx_gpio.o
 .debug_macro   0x000000000000ae8b       0x3a ./system/src/stm32f0-stdperiph/stm32f0xx_gpio.o
 .debug_macro   0x000000000000aec5      0x17f ./system/src/stm32f0-stdperiph/stm32f0xx_gpio.o
 .debug_macro   0x000000000000b044      0x183 ./system/src/stm32f0-stdperiph/stm32f0xx_rcc.o
 .debug_macro   0x000000000000b1c7      0x185 ./system/src/stm32f0-stdperiph/stm32f0xx_rcc.o
 .debug_macro   0x000000000000b34c      0x51c ./system/src/stm32f0-stdperiph/stm32f0xx_rcc.o
 .debug_macro   0x000000000000b868      0x1b4 ./system/src/newlib/_exit.o
 .debug_macro   0x000000000000ba1c       0x34 ./system/src/newlib/_exit.o
 .debug_macro   0x000000000000ba50      0x10e ./system/src/newlib/_exit.o
 .debug_macro   0x000000000000bb5e       0x8d ./system/src/newlib/_exit.o
 .debug_macro   0x000000000000bbeb       0x43 ./system/src/newlib/_exit.o
 .debug_macro   0x000000000000bc2e      0x330 ./system/src/newlib/_exit.o
 .debug_macro   0x000000000000bf5e       0x35 ./system/src/newlib/_exit.o
 .debug_macro   0x000000000000bf93      0x169 ./system/src/newlib/_sbrk.o
 .debug_macro   0x000000000000c0fc      0x174 ./system/src/newlib/_sbrk.o
 .debug_macro   0x000000000000c270       0x10 ./system/src/newlib/_sbrk.o
 .debug_macro   0x000000000000c280      0x23b ./system/src/newlib/_sbrk.o
 .debug_macro   0x000000000000c4bb      0x173 ./system/src/newlib/_startup.o
 .debug_macro   0x000000000000c62e      0x217 ./system/src/newlib/_syscalls.o
 .debug_macro   0x000000000000c845       0x1c ./system/src/newlib/_syscalls.o
 .debug_macro   0x000000000000c861       0x10 ./system/src/newlib/_syscalls.o
 .debug_macro   0x000000000000c871       0x10 ./system/src/newlib/_syscalls.o
 .debug_macro   0x000000000000c881       0x10 ./system/src/newlib/_syscalls.o
 .debug_macro   0x000000000000c891       0x35 ./system/src/newlib/_syscalls.o
 .debug_macro   0x000000000000c8c6      0x122 ./system/src/newlib/_syscalls.o
 .debug_macro   0x000000000000c9e8       0x88 ./system/src/newlib/_syscalls.o
 .debug_macro   0x000000000000ca70       0x2b ./system/src/newlib/_syscalls.o
 .debug_macro   0x000000000000ca9b      0x118 ./system/src/newlib/_syscalls.o
 .debug_macro   0x000000000000cbb3      0x189 ./system/src/newlib/_syscalls.o
 .debug_macro   0x000000000000cd3c       0x16 ./system/src/newlib/_syscalls.o
 .debug_macro   0x000000000000cd52      0x1d0 ./system/src/newlib/assert.o
 .debug_macro   0x000000000000cf22       0x1c ./system/src/newlib/assert.o
 .debug_macro   0x000000000000cf3e      0x1fb ./system/src/diag/Trace.o
 .debug_macro   0x000000000000d139       0x16 ./system/src/diag/Trace.o
 .debug_macro   0x000000000000d14f       0x97 ./system/src/diag/Trace.o
 .debug_macro   0x000000000000d1e6       0xfd ./system/src/diag/Trace.o
 .debug_macro   0x000000000000d2e3       0x10 ./system/src/diag/Trace.o
 .debug_macro   0x000000000000d2f3       0x16 ./system/src/diag/Trace.o
 .debug_macro   0x000000000000d309      0x16f ./system/src/diag/Trace.o
 .debug_macro   0x000000000000d478       0x4c ./system/src/diag/Trace.o
 .debug_macro   0x000000000000d4c4       0x16 ./system/src/diag/Trace.o
 .debug_macro   0x000000000000d4da      0x2d4 ./system/src/diag/trace_impl.o
 .debug_macro   0x000000000000d7ae       0x10 ./system/src/diag/trace_impl.o
 .debug_macro   0x000000000000d7be       0xcf ./system/src/diag/trace_impl.o
 .debug_macro   0x000000000000d88d       0xbe ./system/src/diag/trace_impl.o
 .debug_macro   0x000000000000d94b       0x22 ./system/src/diag/trace_impl.o
 .debug_macro   0x000000000000d96d      0x165 ./system/src/cortexm/_initialize_hardware.o
 .debug_macro   0x000000000000dad2      0x31e ./system/src/cortexm/exception_handlers.o
 .debug_macro   0x000000000000ddf0       0x3b ./system/src/cortexm/exception_handlers.o
 .debug_macro   0x000000000000de2b       0x10 ./system/src/cortexm/exception_handlers.o
 .debug_macro   0x000000000000de3b      0x15b ./system/src/cmsis/system_stm32f0xx.o
 .debug_macro   0x000000000000df96       0x34 ./system/src/cmsis/vectors_stm32f0xx.o
 .debug_macro   0x000000000000dfca      0x16a ./src/BlinkLed.o
 .debug_macro   0x000000000000e134       0x28 ./src/BlinkLed.o
 .debug_macro   0x000000000000e15c      0x17e ./src/Timer.o
 .debug_macro   0x000000000000e2da       0x10 ./src/Timer.o
 .debug_macro   0x000000000000e2ea      0x36e ./src/main.o
 .debug_macro   0x000000000000e658       0x2e ./src/main.o
